******************************************************************************
                  TI ARM Linker PC v16.12.0                    
******************************************************************************
>> Linked Sun Feb 26 15:32:46 2017

OUTPUT FILE NAME:   <Annoy-a-jon.out>
ENTRY POINT SYMBOL: "_c_int00"  address: 00005201


MEMORY CONFIGURATION

         name            origin    length      used     unused   attr    fill
----------------------  --------  ---------  --------  --------  ----  --------
  FLASH                 00000000   00040000  0000a2fc  00035d04  R  X
  SRAM                  20000000   00008000  00001a34  000065cc  RW X


SEGMENT ALLOCATION MAP

run origin  load origin   length   init length attrs members
----------  ----------- ---------- ----------- ----- -------
00000000    00000000    0000a308   0000a308    r-x
  00000000    00000000    0000003c   0000003c    r-- .resetVecs
  00000040    00000040    00007ef2   00007ef2    r-x .text
  00007f34    00007f34    0000217e   0000217e    r-- .const
  0000a0b8    0000a0b8    00000250   00000250    r-- .cinit
20000000    20000000    00001a34   00000000    rw-
  20000000    20000000    00000360   00000000    rw- .vecs
  20000360    20000360    00000edc   00000000    rw- .bss
  2000123c    2000123c    000004f8   00000000    rw- .data
  20001734    20001734    00000300   00000000    rw- .stack


SECTION ALLOCATION MAP

 output                                  attributes/
section   page    origin      length       input sections
--------  ----  ----------  ----------   ----------------
.text      0    00000040    00007ef2     
                  00000040    00000430     sysbios.aem4f : BIOS.obj (.text:ti_sysbios_family_arm_m3_Hwi_excDumpRegs__I)
                  00000470    0000034c     ti.targets.arm.rtsarm.aem4f : System.oem4f (.text:xdc_runtime_System_doPrint__I)
                  000007bc    00000324     rtsv7M4_T_le_v4SPD16_eabi.lib : trgdrv.obj (.text)
                  00000ae0    000001fc     sysbios.aem4f : BIOS.obj (.text:ti_sysbios_family_arm_m3_Hwi_excHandlerMax__I)
                  00000cdc    00000190     USBKBD.obj (.text:USBKBD_init)
                  00000e6c    00000004     usblib.lib : usbdma.obj (.text:DMAUSBStatus)
                  00000e70    00000174     sysbios.aem4f : BIOS.obj (.text:ti_sysbios_family_arm_m3_Hwi_excBusFault__I)
                  00000fe4    00000170     usblib.lib : usbdma.obj (.text:USBLibDMAInit)
                  00001154    00000170     usbkeyboarddevice.obj (.text:taskFxn)
                  000012c4    00000004     usblib.lib : usbdhid.obj (.text:HandleReset)
                  000012c8    00000164     sysbios.aem4f : BIOS.obj (.text:ti_sysbios_family_arm_m3_Hwi_excUsageFault__I)
                  0000142c    00000004     driverlib.lib : usb.obj (.text:USBDevAddrSet)
                  00001430    00000154     sysbios.aem4f : BIOS.obj (.text:ti_sysbios_knl_Semaphore_pend__E)
                  00001584    00000150     drivers_tivaware.aem4f : GPIOTiva.oem4f (.text:GPIO_setConfig)
                  000016d4    00000150     usblib.lib : usbdenum.obj (.text:USBDEP0StateTxConfig)
                  00001824    00000150                : usbdenum.obj (.text:USBDeviceIntHandlerInternal)
                  00001974    00000148                : usbdenum.obj (.text:USBDCDInit)
                  00001abc    00000004     usbkeyboarddevice_pem4f.oem4f (.text:ti_sysbios_BIOS_RtsGateProxy_enter__E)
                  00001ac0    00000148     sysbios.aem4f : BIOS.obj (.text:ti_sysbios_family_arm_m3_Hwi_excMemFault__I)
                  00001c08    00000140     usblib.lib : usbdconfig.obj (.text:USBDeviceConfig)
                  00001d48    00000130     driverlib.lib : gpio.obj (.text:GPIOPadConfigSet)
                  00001e78    00000118     ti.targets.arm.rtsarm.aem4f : Error.oem4f (.text:xdc_runtime_Error_policyDefault__E)
                  00001f90    00000114     usblib.lib : usbdhid.obj (.text:HandleRequest)
                  000020a4    00000004     usbkeyboarddevice_pem4f.oem4f (.text:ti_sysbios_BIOS_RtsGateProxy_leave__E)
                  000020a8    00000108     sysbios.aem4f : BIOS.obj (.text:ti_sysbios_family_arm_lm4_Timer_start__E)
                  000021b0    00000100     Boot.aem4f : Boot_sysctl.oem4f (.text:ti_catalog_arm_cortexm4_tiva_ce_Boot_sysCtlClockSetI__I)
                  000022b0    00000100     ti.targets.arm.rtsarm.aem4f : Core-mem.oem4f (.text:xdc_runtime_Core_createObject__I)
                  000023b0    000000f8                                 : Startup.oem4f (.text:xdc_runtime_Startup_startMods__I)
                  000024a8    000000f8     usbkeyboarddevice_pem4f.oem4f (.text:xdc_runtime_System_printfExtend__I)
                  000025a0    000000f4     sysbios.aem4f : m3_Hwi_asm.obj (.text:ti_sysbios_family_arm_m3_Hwi_dispatch__I)
                  00002694    000000ea     usblib.lib : usbdma.obj (.text:iDMAUSBTransfer)
                  0000277e    00000002                : usbdma.obj (.text:iDMAUSBArbSizeSet)
                  00002780    000000e4                : usbdenum.obj (.text:USBDGetDescriptor)
                  00002864    000000e4                : usbdhid.obj (.text:USBDHIDCompositeInit)
                  00002948    000000e0     usbkeyboarddevice.obj (.text:main)
                  00002a28    000000dc     sysbios.aem4f : BIOS.obj (.text:ti_sysbios_knl_Task_sleep__E)
                  00002b04    000000d8     usblib.lib : usbdenum.obj (.text:USBDeviceEnumHandler)
                  00002bdc    000000cc     USBKBD.obj (.text:sendChar)
                  00002ca8    000000cc     sysbios.aem4f : BIOS.obj (.text:ti_sysbios_heaps_HeapMem_alloc__E)
                  00002d74    00000004                   : BIOS.obj (.text:ti_sysbios_family_arm_lm4_Timer_masterEnable__I)
                  00002d78    000000cc                   : BIOS.obj (.text:ti_sysbios_knl_Task_Instance_init__E)
                  00002e44    000000cc     ti.targets.arm.rtsarm.aem4f : Core-smem.oem4f (.text:xdc_runtime_Core_constructObject__I)
                  00002f10    000000c0     usblib.lib : usbdma.obj (.text:uDMAUSBChannelAllocate)
                  00002fd0    000000bc     sysbios.aem4f : BIOS.obj (.text:ti_sysbios_family_arm_m3_Hwi_excDebugMon__I)
                  0000308c    00000004     usbkeyboarddevice_pem4f.oem4f (.text:ti_sysbios_family_arm_m3_TaskSupport_Module__startupDone__S)
                  00003090    000000bc     sysbios.aem4f : BIOS.obj (.text:ti_sysbios_family_arm_m3_Hwi_excHardFault__I)
                  0000314c    00000004     usbkeyboarddevice_pem4f.oem4f (.text:ti_sysbios_hal_Hwi_HwiProxy_delete)
                  00003150    000000bc     sysbios.aem4f : BIOS.obj (.text:ti_sysbios_knl_Task_Instance_finalize__E)
                  0000320c    000000ba     usblib.lib : usbdma.obj (.text:uDMAUSBTransfer)
                  000032c6    00000002                : usbdma.obj (.text:iDMAUSBUnitSizeSet)
                  000032c8    000000b4     sysbios.aem4f : BIOS.obj (.text:ti_sysbios_knl_Task_checkStacks__E)
                  0000337c    00000004     usbkeyboarddevice_pem4f.oem4f (.text:ti_sysbios_heaps_HeapMem_Module_GateProxy_enter__E)
                  00003380    000000ac     sysbios.aem4f : BIOS.obj (.text:ti_sysbios_family_arm_lm4_Timer_enableTiva__I)
                  0000342c    000000a4     usblib.lib : usbdhidkeyb.obj (.text:HIDKeyboardRxHandler)
                  000034d0    000000a0     auto_init.aem4f : auto_init.oem4f (.text)
                  00003570    000000a0     ti.targets.arm.rtsarm.aem4f : Text.oem4f (.text:xdc_runtime_Text_putMod__E)
                  00003610    0000009c     rtsv7M4_T_le_v4SPD16_eabi.lib : memcpy_t2.obj (.text)
                  000036ac    00000004     usbkeyboarddevice_pem4f.oem4f (.text:ti_sysbios_heaps_HeapMem_Module_GateProxy_leave__E)
                  000036b0    0000009c     sysbios.aem4f : BIOS.obj (.text:ti_sysbios_knl_Task_postInit__I)
                  0000374c    0000009a     ti.targets.arm.rtsarm.aem4f : Text.oem4f (.text:xdc_runtime_Text_putSite__E)
                  000037e6    00000002     rtsv7M4_T_le_v4SPD16_eabi.lib : i_div0.obj (.text)
                  000037e8    00000098     usblib.lib : usbdhidkeyb.obj (.text:USBDHIDKeyboardCompositeInit)
                  00003880    00000098                : usbdenum.obj (.text:USBDSetInterface)
                  00003918    00000098     Boot.aem4f : Boot.oem4f (.text:ti_catalog_arm_cortexm4_tiva_ce_Boot_sysCtlClockSet__E)
                  000039b0    00000094     USBKBD.obj (.text:USBKBD_putChar)
                  00003a44    00000004     usbkeyboarddevice_pem4f.oem4f (.text:ti_sysbios_knl_Clock_TimerProxy_getMaxTicks__E)
                  00003a48    00000094     sysbios.aem4f : BIOS.obj (.text:ti_sysbios_family_arm_m3_Hwi_Instance_init__E)
                  00003adc    00000004     usbkeyboarddevice_pem4f.oem4f (.text:ti_sysbios_knl_Queue_destruct)
                  00003ae0    00000094     sysbios.aem4f : BIOS.obj (.text:ti_sysbios_family_arm_m3_Hwi_initNVIC__E)
                  00003b74    00000090     USBKBD.obj (.text:cbKeyboardHandler)
                  00003c04    0000008c     drivers_tivaware.aem4f : GPIOTiva.oem4f (.text:GPIO_init)
                  00003c90    0000008c     usblib.lib : usbdhid.obj (.text:ProcessIdleTimers)
                  00003d1c    0000008c                : usbdenum.obj (.text:USBDSetConfiguration)
                  00003da8    0000008c                : usbdconfig.obj (.text:USBDeviceConfigAlternate)
                  00003e34    0000008c     sysbios.aem4f : m3_TaskSupport_asm.obj (.text:ti_sysbios_family_arm_m3_TaskSupport_buildTaskStack)
                  00003ec0    00000084     usblib.lib : usbdhidkeyb.obj (.text:USBDHIDKeyboardKeyStateChange)
                  00003f44    00000084                : usbdma.obj (.text:iDMAUSBChannelAllocate)
                  00003fc8    00000084     sysbios.aem4f : BIOS.obj (.text:ti_sysbios_family_arm_m3_Hwi_postInit__I)
                  0000404c    00000084     driverlib.lib : udma.obj (.text:uDMAChannelTransferSet)
                  000040d0    0000007c     usblib.lib : usbdenum.obj (.text:USBDClearFeature)
                  0000414c    00000004     usbkeyboarddevice_pem4f.oem4f (.text:ti_sysbios_knl_Semaphore_destruct)
                  00004150    0000007c     sysbios.aem4f : BIOS.obj (.text:ti_sysbios_heaps_HeapMem_free__E)
                  000041cc    0000007a     driverlib.lib : usb.obj (.text:USBDevEndpointConfigSet)
                  00004246    0000007a     rtsv7M4_T_le_v4SPD16_eabi.lib : memset_t2.obj (.text)
                  000042c0    00000074     usblib.lib : usbdenum.obj (.text:USBDGetStatus)
                  00004334    00000072                : usbdma.obj (.text:uDMAUSBArbSizeSet)
                  000043a6    00000002     usbkeyboarddevice_pem4f.oem4f (.text:ti_sysbios_BIOS_nullFunc__I)
                  000043a8    00000070     usblib.lib : usbdenum.obj (.text:USBDEP0StateTx)
                  00004418    00000070     sysbios.aem4f : BIOS.obj (.text:ti_sysbios_knl_Semaphore_post__E)
                  00004488    00000070                   : BIOS.obj (.text:ti_sysbios_knl_Task_exit__E)
                  000044f8    00000070     usblib.lib : usbdma.obj (.text:uDMAUSBUnitSizeSet)
                  00004568    0000006d     ti.targets.arm.rtsarm.aem4f : System.oem4f (.text:xdc_runtime_System_formatNum__I)
                  000045d5    00000001     --HOLE-- [fill = 0]
                  000045d6    00000002     usblib.lib : usbdma.obj (.text:uDMAUSBChannelIntDisable)
                  000045d8    0000006c     usbkeyboarddevice_pem4f.oem4f (.text:ti_sysbios_family_arm_m3_Hwi_Object__create__S)
                  00004644    00000004     ti.targets.arm.rtsarm.aem4f : Error.oem4f (.text:xdc_runtime_Error_getSite__E)
                  00004648    0000006c     sysbios.aem4f : BIOS.obj (.text:ti_sysbios_knl_Clock_workFunc__E)
                  000046b4    00000004     usbkeyboarddevice_pem4f.oem4f (.text:xdc_runtime_System_Module_GateProxy_enter__E)
                  000046b8    0000006c     sysbios.aem4f : BIOS.obj (.text:ti_sysbios_knl_Swi_restoreHwi__E)
                  00004724    0000006c     ti.targets.arm.rtsarm.aem4f : Error.oem4f (.text:xdc_runtime_Error_print__E)
                  00004790    0000006c                                 : Memory.oem4f (.text:xdc_runtime_Memory_alloc__E)
                  000047fc    00000068     driverlib.lib : interrupt.obj (.text:IntDisable)
                  00004864    00000068                   : interrupt.obj (.text:IntEnable)
                  000048cc    00000068     usblib.lib : usbdenum.obj (.text:USBDSetFeature)
                  00004934    00000068     rtsv7M4_T_le_v4SPD16_eabi.lib : copy_decompress_lzss.obj (.text:decompress:lzss)
                  0000499c    00000068                                   : trgmsg.obj (.text)
                  00004a04    00000066     ti.targets.arm.rtsarm.aem4f : Core-mem.oem4f (.text:xdc_runtime_Core_deleteObject__I)
                  00004a6a    00000002     usblib.lib : usbdma.obj (.text:uDMAUSBChannelIntEnable)
                  00004a6c    00000064     drivers_tivaware.aem4f : GPIOTiva.oem4f (.text:GPIO_hwiIntFxn)
                  00004ad0    00000064     driverlib.lib : interrupt.obj (.text:IntIsEnabled)
                  00004b34    00000004     usbkeyboarddevice_pem4f.oem4f (.text:xdc_runtime_System_Module_GateProxy_leave__E)
                  00004b38    00000064     sysbios.aem4f : BIOS.obj (.text:ti_sysbios_family_arm_lm4_Timer_Module_startup__E)
                  00004b9c    00000064     usbkeyboarddevice_pem4f.oem4f (.text:ti_sysbios_family_arm_m3_Hwi_create)
                  00004c00    00000064     sysbios.aem4f : BIOS.obj (.text:ti_sysbios_family_arm_m3_Hwi_dispatchC__I)
                  00004c64    00000064     usbkeyboarddevice_pem4f.oem4f (.text:ti_sysbios_hal_Hwi_create)
                  00004cc8    00000064     usblib.lib : usbdma.obj (.text:uDMAUSBChannelEnable)
                  00004d2c    00000060                : usbdhid.obj (.text:HandleDevice)
                  00004d8c    00000060                : usbdhid.obj (.text:ProcessDataFromHost)
                  00004dec    00000060                : usbdenum.obj (.text:USBDReadAndDispatchRequest)
                  00004e4c    00000060     USBKBD.obj (.text:USBKBD_getState)
                  00004eac    00000004     ti.targets.arm.rtsarm.aem4f : System.oem4f (.text:xdc_runtime_System_aprintf_va__F)
                  00004eb0    00000060     sysbios.aem4f : BIOS.obj (.text:ti_sysbios_knl_Task_schedule__I)
                  00004f10    0000005e     usblib.lib : usbdhid.obj (.text:HandleGetDescriptor)
                  00004f6e    0000005e     driverlib.lib : usb.obj (.text:USBDevEndpointStatusClear)
                  00004fcc    0000005c     usblib.lib : usbdhid.obj (.text:FindHIDDescriptor)
                  00005028    0000005c     sysbios.aem4f : BIOS.obj (.text:ti_sysbios_knl_Swi_run__I)
                  00005084    00000004     ti.targets.arm.rtsarm.aem4f : System.oem4f (.text:xdc_runtime_System_printf_va__F)
                  00005088    0000005c     sysbios.aem4f : BIOS.obj (.text:ti_sysbios_knl_Swi_schedule__I)
                  000050e4    00000002     usbkeyboarddevice_pem4f.oem4f (.text:xdc_runtime_Startup_reset__I)
                  000050e6    00000002     --HOLE-- [fill = 0]
                  000050e8    0000005c     sysbios.aem4f : BIOS.obj (.text:ti_sysbios_knl_Task_Module_startup__E)
                  00005144    00000004     --HOLE-- [fill = 0]
                  00005148    0000005c                   : BIOS.obj (.text:ti_sysbios_knl_Task_startCore__E)
                  000051a4    0000005b     ti.targets.arm.rtsarm.aem4f : Text.oem4f (.text:xdc_runtime_Text_putLab__E)
                  000051ff    00000001     --HOLE-- [fill = 0]
                  00005200    00000058     boot.aem4f : boot.oem4f (.text)
                  00005258    00000058     sysbios.aem4f : m3_Hwi_asm_switch.obj (.text:ti_sysbios_family_arm_m3_Hwi_initStacks__E)
                  000052b0    00000056     driverlib.lib : gpio.obj (.text:GPIOIntTypeSet)
                  00005306    00000056     usblib.lib : usbdma.obj (.text:uDMAUSBChannelRelease)
                  0000535c    00000054                : usbdhid.obj (.text:ProcessDataToHost)
                  000053b0    00000054     rtsv7M4_T_le_v4SPD16_eabi.lib : exit.obj (.text)
                  00005404    00000004     --HOLE-- [fill = 0]
                  00005408    00000054     sysbios.aem4f : BIOS.obj (.text:ti_sysbios_family_arm_lm4_Timer_initDevice__I)
                  0000545c    00000054     usbkeyboarddevice_pem4f.oem4f (.text:ti_sysbios_knl_Task_construct)
                  000054b0    00000054     ti.targets.arm.rtsarm.aem4f : Assert.oem4f (.text:xdc_runtime_Assert_raise__I)
                  00005504    00000052     usblib.lib : usbdhidkeyb.obj (.text:RemoveKeyFromPressedList)
                  00005556    00000052                : usbulpi.obj (.text:ULPIConfigSet)
                  000055a8    00000050     drivers_tivaware.aem4f : GPIOTiva.oem4f (.text:GPIO_setCallback)
                  000055f8    00000050                            : GPIOTiva.oem4f (.text:GPIO_write)
                  00005648    00000050     driverlib.lib : sysctl.obj (.text:SysCtlPeripheralReset)
                  00005698    00000050     usblib.lib : usbdcdesc.obj (.text:USBDCDConfigDescGet)
                  000056e8    00000050                : usbdenum.obj (.text:USBDeviceResumeTickHandler)
                  00005738    00000050     sysbios.aem4f : BIOS.obj (.text:ti_sysbios_family_arm_m3_Hwi_Module_startup__E)
                  00005788    00000050     ti.targets.arm.rtsarm.aem4f : Startup.oem4f (.text:xdc_runtime_Startup_exec__E)
                  000057d8    00000050                                 : Text.oem4f (.text:xdc_runtime_Text_visitRope2__I)
                  00005828    0000004e     driverlib.lib : usb.obj (.text:USBDevEndpointStallClear)
                  00005876    0000004c     usblib.lib : usbdcdesc.obj (.text:ConfigAlternateInterfaceGet)
                  000058c2    0000004c                : usbdconfig.obj (.text:GetEPDescriptorType)
                  0000590e    0000004c     driverlib.lib : usb.obj (.text:USBEndpointDMAConfigSet)
                  0000595a    00000002     --HOLE-- [fill = 0]
                  0000595c    0000004c     USBKBD.obj (.text:USBKBD_waitForConnect)
                  000059a8    0000004c     rtsv7M4_T_le_v4SPD16_eabi.lib : cpy_tbl.obj (.text)
                  000059f4    0000004c                                   : rand.obj (.text)
                  00005a40    0000004c     sysbios.aem4f : BIOS.obj (.text:ti_sysbios_heaps_HeapMem_getStats__E)
                  00005a8c    00000004     --HOLE-- [fill = 0]
                  00005a90    0000004c                   : BIOS.obj (.text:ti_sysbios_knl_Swi_runLoop__I)
                  00005adc    00000004     --HOLE-- [fill = 0]
                  00005ae0    0000004c                   : BIOS.obj (.text:ti_sysbios_knl_Task_allBlockedFunction__I)
                  00005b2c    0000004a     usblib.lib : usbdhid.obj (.text:USBDHIDReportWrite)
                  00005b76    0000004a                : usbdma.obj (.text:iDMAUSBChannelEnable)
                  00005bc0    0000004a                : usbdma.obj (.text:uDMAUSBChannelDisable)
                  00005c0a    00000002     --HOLE-- [fill = 0]
                  00005c0c    00000048     EK_TM4C123GXL.obj (.text:EK_TM4C123GXL_initUSB)
                  00005c54    00000048     usblib.lib : usbdenum.obj (.text:USBDStringIndexFromRequest)
                  00005c9c    00000048                : usbdenum.obj (.text:USBDeviceEnumResetHandler)
                  00005ce4    00000004     --HOLE-- [fill = 0]
                  00005ce8    00000048     sysbios.aem4f : BIOS.obj (.text:ti_sysbios_family_arm_lm4_Timer_enableTimers__I)
                  00005d30    00000048                   : BIOS.obj (.text:ti_sysbios_family_arm_m3_Hwi_disableInterrupt__E)
                  00005d78    00000048                   : BIOS.obj (.text:ti_sysbios_family_arm_m3_Hwi_enableInterrupt__E)
                  00005dc0    00000048                   : BIOS.obj (.text:ti_sysbios_family_arm_m3_Hwi_excReserved__I)
                  00005e08    00000048     driverlib.lib : udma.obj (.text:uDMAChannelAttributeDisable)
                  00005e50    00000046     ti.targets.arm.rtsarm.aem4f : Core-params.oem4f (.text:xdc_runtime_Core_assignParams__I)
                  00005e96    00000002     --HOLE-- [fill = 0]
                  00005e98    00000044     usblib.lib : usbdenum.obj (.text:USBDCDDeviceInfoInit)
                  00005edc    00000044                : usbdenum.obj (.text:USBDGetInterface)
                  00005f20    00000044     driverlib.lib : usb.obj (.text:USBEndpointDataGet)
                  00005f64    00000044     USBKBD.obj (.text:USBKBD_putString)
                  00005fa8    00000044     sysbios.aem4f : BIOS.obj (.text:ti_sysbios_family_arm_lm4_Timer_isrStub__E)
                  00005fec    00000004     --HOLE-- [fill = 0]
                  00005ff0    00000044                   : BIOS.obj (.text:ti_sysbios_family_arm_m3_Hwi_getStackInfo__E)
                  00006034    00000004     --HOLE-- [fill = 0]
                  00006038    00000044                   : BIOS.obj (.text:ti_sysbios_knl_Swi_post__E)
                  0000607c    00000044     ti.targets.arm.rtsarm.aem4f : Error.oem4f (.text:xdc_runtime_Error_setX__E)
                  000060c0    00000044                                 : SysMin.oem4f (.text:xdc_runtime_SysMin_flush__E)
                  00006104    00000044                                 : Text.oem4f (.text:xdc_runtime_Text_xprintf__I)
                  00006148    00000042     usblib.lib : usbdhid.obj (.text:SetIdleTimeout)
                  0000618a    00000002     --HOLE-- [fill = 0]
                  0000618c    00000040     EK_TM4C123GXL.obj (.text:EK_TM4C123GXL_initGeneral)
                  000061cc    00000040     usblib.lib : usbdhid.obj (.text:ScheduleReportTransmission)
                  0000620c    00000040     rtsv7M4_T_le_v4SPD16_eabi.lib : u_divt2.obj (.text)
                  0000624c    00000004     --HOLE-- [fill = 0]
                  00006250    00000040     sysbios.aem4f : BIOS.obj (.text:ti_sysbios_family_arm_lm4_Timer_startup__E)
                  00006290    00000040                   : BIOS.obj (.text:ti_sysbios_heaps_HeapMem_Instance_init__E)
                  000062d0    0000003e     usblib.lib : usbdhidkeyb.obj (.text:HIDKeyboardTxHandler)
                  0000630e    0000003c                : usbdma.obj (.text:iDMAUSBChannelRelease)
                  0000634a    00000006     driverlib.lib : gpio.obj (.text:GPIOIntClear)
                  00006350    0000003c     sysbios.aem4f : BIOS.obj (.text:ti_sysbios_family_arm_m3_Hwi_excSvCall__I)
                  0000638c    00000004     --HOLE-- [fill = 0]
                  00006390    0000003c                   : BIOS.obj (.text:ti_sysbios_heaps_HeapMem_init__I)
                  000063cc    00000004     --HOLE-- [fill = 0]
                  000063d0    0000003c                   : BIOS.obj (.text:ti_sysbios_knl_Swi_restore__E)
                  0000640c    0000003a     usblib.lib : usbdcdesc.obj (.text:USBDCDConfigGetInterfaceEndpoint)
                  00006446    0000003a     driverlib.lib : usb.obj (.text:USBFIFOConfigSet)
                  00006480    00000038     usblib.lib : usbtick.obj (.text:InternalUSBRegisterTickHandler)
                  000064b8    00000038                : usbdenum.obj (.text:USBDCDRemoteWakeupRequest)
                  000064f0    00000038     driverlib.lib : usb.obj (.text:USBIntStatusControl)
                  00006528    00000038     sysbios.aem4f : BIOS.obj (.text:ti_sysbios_family_arm_m3_Hwi_excNoIsr__I)
                  00006560    00000038                   : BIOS.obj (.text:ti_sysbios_knl_Task_processVitalTaskFlag__I)
                  00006598    00000038     ti.targets.arm.rtsarm.aem4f : SysMin.oem4f (.text:xdc_runtime_SysMin_putch__E)
                  000065d0    00000038                                 : System.oem4f (.text:xdc_runtime_System_atexit__E)
                  00006608    00000036     usblib.lib : usbdhid.obj (.text:HandleEndpoints)
                  0000663e    00000002     --HOLE-- [fill = 0]
                  00006640    00000034                : usbdhid.obj (.text:HIDTickHandler)
                  00006674    00000034                : usbtick.obj (.text:InternalUSBStartOfFrameTick)
                  000066a8    00000034     driverlib.lib : sysctl.obj (.text:SysCtlPeripheralEnable)
                  000066dc    00000034     usblib.lib : usbdma.obj (.text:iDMAUSBChannelStatus)
                  00006710    00000034     sysbios.aem4f : BIOS.obj (.text:ti_sysbios_family_arm_m3_Hwi_Instance_finalize__E)
                  00006744    00000004     --HOLE-- [fill = 0]
                  00006748    00000034                   : BIOS.obj (.text:ti_sysbios_family_arm_m3_Hwi_excNmi__I)
                  0000677c    00000004     --HOLE-- [fill = 0]
                  00006780    00000034                   : BIOS.obj (.text:ti_sysbios_hal_Hwi_checkStack)
                  000067b4    00000034     usbkeyboarddevice_pem4f.oem4f (.text:ti_sysbios_knl_Semaphore_create)
                  000067e8    00000034     ti.targets.arm.rtsarm.aem4f : Core-label.oem4f (.text:xdc_runtime_Core_assignLabel__I)
                  0000681c    00000033                                 : Text.oem4f (.text:xdc_runtime_Text_printVisFxn__I)
                  0000684f    00000001     --HOLE-- [fill = 0]
                  00006850    00000032     usblib.lib : usbdhid.obj (.text:ClearReportTimer)
                  00006882    00000032                : usbdhid.obj (.text:HandleConfigChange)
                  000068b4    00000032                : usbdcdesc.obj (.text:NextConfigDescGet)
                  000068e6    00000032     driverlib.lib : usb.obj (.text:USBDevEndpointStall)
                  00006918    00000032     usblib.lib : usbdma.obj (.text:iDMAUSBChannelDisable)
                  0000694a    00000006     driverlib.lib : gpio.obj (.text:GPIOPinRead)
                  00006950    00000032     sysbios.aem4f : BIOS.obj (.text:ti_sysbios_hal_Hwi_initStack)
                  00006982    00000030     usblib.lib : usbdhidkeyb.obj (.text:AddKeyToPressedList)
                  000069b2    00000030                : usbdma.obj (.text:DMAUSBIntHandler)
                  000069e2    00000002     --HOLE-- [fill = 0]
                  000069e4    00000030     EK_TM4C123GXL.obj (.text:EK_TM4C123GXL_initGPIO)
                  00006a14    00000030     drivers_tivaware.aem4f : GPIOTiva.oem4f (.text:GPIO_read)
                  00006a44    00000030     usblib.lib : usbtick.obj (.text:InternalUSBTickInit)
                  00006a74    00000030                : usbdenum.obj (.text:USBDGetConfiguration)
                  00006aa4    00000030                : usbdhidkeyb.obj (.text:USBDHIDKeyboardInit)
                  00006ad4    00000030     driverlib.lib : usb.obj (.text:USBEndpointDataPut)
                  00006b04    00000030     usbkeyboarddevice_pem4f.oem4f (.text:ti_sysbios_BIOS_atExitFunc__I)
                  00006b34    00000004     --HOLE-- [fill = 0]
                  00006b38    00000030     sysbios.aem4f : BIOS.obj (.text:ti_sysbios_family_arm_lm4_Timer_stop__E)
                  00006b68    00000030                   : BIOS.obj (.text:ti_sysbios_family_arm_m3_TaskSupport_start__E)
                  00006b98    00000030     usbkeyboarddevice_pem4f.oem4f (.text:ti_sysbios_gates_GateHwi_Object__create__S)
                  00006bc8    00000030     usbkeyboarddevice_pem4f.oem4f (.text:ti_sysbios_gates_GateMutex_Object__create__S)
                  00006bf8    00000030     usbkeyboarddevice_pem4f.oem4f (.text:ti_sysbios_gates_GateMutex_create)
                  00006c28    00000030     sysbios.aem4f : BIOS.obj (.text:ti_sysbios_gates_GateMutex_enter__E)
                  00006c58    00000030     usbkeyboarddevice_pem4f.oem4f (.text:ti_sysbios_heaps_HeapMem_Object__create__S)
                  00006c88    00000030     usbkeyboarddevice_pem4f.oem4f (.text:ti_sysbios_knl_Semaphore_construct)
                  00006cb8    00000030     sysbios.aem4f : BIOS.obj (.text:ti_sysbios_knl_Semaphore_pendTimeout__I)
                  00006ce8    00000030                   : BIOS.obj (.text:ti_sysbios_knl_Task_unblockI__E)
                  00006d18    00000030     ti.targets.arm.rtsarm.aem4f : SysMin.oem4f (.text:xdc_runtime_SysMin_abort__E)
                  00006d48    00000030                                 : System.oem4f (.text:xdc_runtime_System_processAtExit__E)
                  00006d78    0000002e     driverlib.lib : usb.obj (.text:USBEndpointDataSend)
                  00006da6    0000002c     usblib.lib : usbdesc.obj (.text:USBDescGet)
                  00006dd2    00000002     --HOLE-- [fill = 0]
                  00006dd4    0000002c     usbkeyboarddevice_pem4f.oem4f (.text:ti_sysbios_knl_Clock_doTick__I)
                  00006e00    0000002c     usbkeyboarddevice_pem4f.oem4f (.text:ti_sysbios_knl_Queue_construct)
                  00006e2c    00000004     --HOLE-- [fill = 0]
                  00006e30    0000002c     sysbios.aem4f : BIOS.obj (.text:ti_sysbios_knl_Task_restore__E)
                  00006e5c    0000002c     usblib.lib : usbdma.obj (.text:uDMAUSBIntStatus)
                  00006e88    0000002c     USBKBD.obj (.text:waitUntilSent)
                  00006eb4    0000002c     ti.targets.arm.rtsarm.aem4f : Text.oem4f (.text:xdc_runtime_Text_cordText__E)
                  00006ee0    0000002a     driverlib.lib : gpio.obj (.text:GPIODirModeSet)
                  00006f0a    0000002a     usblib.lib : usbdcdesc.obj (.text:USBDCDConfigDescGetNum)
                  00006f34    0000002a     ti.targets.arm.rtsarm.aem4f : System.oem4f (.text:xdc_runtime_System_putchar__I)
                  00006f5e    00000028     usblib.lib : usbdhid.obj (.text:HandleEP0DataReceived)
                  00006f86    00000002     --HOLE-- [fill = 0]
                  00006f88    00000028                : usbdenum.obj (.text:USBDSetAddress)
                  00006fb0    00000028                : usbdesc.obj (.text:USBDescGetNum)
                  00006fd8    00000028     driverlib.lib : usb.obj (.text:USBIntEnableControl)
                  00007000    00000028     sysbios.aem4f : BIOS.obj (.text:ti_sysbios_hal_Hwi_Instance_init__E)
                  00007028    00000028                   : BIOS.obj (.text:ti_sysbios_knl_Swi_Module_startup__E)
                  00007050    00000028     driverlib.lib : udma.obj (.text:uDMAChannelModeGet)
                  00007078    00000026     usblib.lib : usbdhid.obj (.text:GetIdleTimeout)
                  0000709e    00000026                : usbdhid.obj (.text:USBDHIDInit)
                  000070c4    00000026     sysbios.aem4f : m3_Hwi_asm.obj (.text:ti_sysbios_family_arm_m3_Hwi_pendSV__I)
                  000070ea    00000026     ti.targets.arm.rtsarm.aem4f : System.oem4f (.text:xdc_runtime_System_avprintf__E)
                  00007110    00000024     driverlib.lib : usb.obj (.text:USBDevEndpointDataAck)
                  00007134    00000024                   : usb.obj (.text:USBEndpointDMADisable)
                  00007158    00000024                   : usb.obj (.text:USBEndpointDMAEnable)
                  0000717c    00000024     usbkeyboarddevice_pem4f.oem4f (.text:ti_sysbios_BIOS_errorRaiseHook__I)
                  000071a0    00000024     usbkeyboarddevice_pem4f.oem4f (.text:ti_sysbios_BIOS_registerRTSLock__I)
                  000071c4    00000024     usbkeyboarddevice_pem4f.oem4f (.text:ti_sysbios_BIOS_removeRTSLock__I)
                  000071e8    00000024     usbkeyboarddevice_pem4f.oem4f (.text:ti_sysbios_BIOS_startFunc__I)
                  0000720c    00000024     usbkeyboarddevice_pem4f.oem4f (.text:ti_sysbios_gates_GateMutex_Object__delete__S)
                  00007230    00000024     sysbios.aem4f : BIOS.obj (.text:ti_sysbios_knl_Clock_Module_startup__E)
                  00007254    00000004     --HOLE-- [fill = 0]
                  00007258    00000024                   : BIOS.obj (.text:ti_sysbios_knl_Semaphore_Instance_init__E)
                  0000727c    00000004     --HOLE-- [fill = 0]
                  00007280    00000024                   : BIOS.obj (.text:ti_sysbios_knl_Task_restoreHwi__E)
                  000072a4    00000024     driverlib.lib : udma.obj (.text:uDMAChannelControlSet)
                  000072c8    00000024     ti.targets.arm.rtsarm.aem4f : System.oem4f (.text:xdc_runtime_System_vprintf__E)
                  000072ec    00000004     --HOLE-- [fill = 0]
                  000072f0    00000022     sysbios.aem4f : BIOS.obj (.text:ti_sysbios_family_arm_lm4_Timer_write__I)
                  00007312    00000022     usblib.lib : usbdma.obj (.text:uDMAUSBChannelStatus)
                  00007334    00000022     usbkeyboarddevice_pem4f.oem4f (.text:xdc_runtime_SysMin_output__I)
                  00007356    00000020     usblib.lib : usbdconfig.obj (.text:GetEndpointFIFOSize)
                  00007376    00000020                : usbdhid.obj (.text:HandleDisconnect)
                  00007396    00000020                : usbdhid.obj (.text:HandleEP0DataSent)
                  000073b6    00000002     --HOLE-- [fill = 0]
                  000073b8    00000020                : usbmode.obj (.text:USBStackModeSet)
                  000073d8    00000020     usbkeyboarddevice_pem4f.oem4f (.text:ti_sysbios_BIOS_rtsLock__I)
                  000073f8    00000020     usbkeyboarddevice_pem4f.oem4f (.text:ti_sysbios_family_arm_m3_Hwi_Object__delete__S)
                  00007418    00000020     sysbios.aem4f : m3_Hwi_asm.obj (.text:ti_sysbios_family_arm_m3_Hwi_excHandlerAsm__I)
                  00007438    00000020                   : BIOS.obj (.text:ti_sysbios_family_arm_m3_Hwi_excHandler__I)
                  00007458    00000020     usbkeyboarddevice_pem4f.oem4f (.text:ti_sysbios_gates_GateHwi_Object__delete__S)
                  00007478    00000020     usbkeyboarddevice_pem4f.oem4f (.text:ti_sysbios_heaps_HeapMem_Object__delete__S)
                  00007498    00000020     sysbios.aem4f : BIOS.obj (.text:ti_sysbios_knl_Idle_run__E)
                  000074b8    00000020     usbkeyboarddevice_pem4f.oem4f (.text:ti_sysbios_knl_Semaphore_Object__destruct__S)
                  000074d8    00000020     ti.targets.arm.rtsarm.aem4f : Registry.oem4f (.text:xdc_runtime_Registry_findById__E)
                  000074f8    00000020                                 : SysMin.oem4f (.text:xdc_runtime_SysMin_Module_startup__E)
                  00007518    0000001e     driverlib.lib : usb.obj (.text:USBULPIRegRead)
                  00007536    0000001e                   : usb.obj (.text:USBULPIRegWrite)
                  00007554    0000001e     sysbios.aem4f : m3_Hwi_asm_switch.obj (.text:ti_sysbios_family_xxx_Hwi_switchAndRunFunc)
                  00007572    0000001c     usblib.lib : usbdhid.obj (.text:ClearIdleTimers)
                  0000758e    0000001c                : usbdcdesc.obj (.text:USBDCDConfigGetInterface)
                  000075aa    00000002     --HOLE-- [fill = 0]
                  000075ac    0000001c                : usbdenum.obj (.text:USBDCDStallEP0)
                  000075c8    0000001c     driverlib.lib : usb.obj (.text:USBEndpointDataAvail)
                  000075e4    0000001c     drivers_tivaware.aem4f : GPIOTiva.oem4f (.text:getGpioIntIndex)
                  00007600    0000001c     sysbios.aem4f : BIOS.obj (.text:ti_sysbios_gates_GateMutex_Instance_init__E)
                  0000761c    0000001c     usbkeyboarddevice_pem4f.oem4f (.text:ti_sysbios_hal_Hwi_HwiProxy_create)
                  00007638    0000001c     usbkeyboarddevice_pem4f.oem4f (.text:ti_sysbios_knl_Queue_Object__destruct__S)
                  00007654    00000004     --HOLE-- [fill = 0]
                  00007658    0000001c     sysbios.aem4f : BIOS.obj (.text:ti_sysbios_knl_Queue_put__E)
                  00007674    00000004     --HOLE-- [fill = 0]
                  00007678    0000001c                   : BIOS.obj (.text:ti_sysbios_knl_Task_enter__I)
                  00007694    0000001c     ti.targets.arm.rtsarm.aem4f : Error.oem4f (.text:xdc_runtime_Error_raiseX__E)
                  000076b0    0000001c                                 : Memory.oem4f (.text:xdc_runtime_Memory_valloc__E)
                  000076cc    0000001c                                 : SysMin.oem4f (.text:xdc_runtime_SysMin_exit__E)
                  000076e8    0000001c                                 : System.oem4f (.text:xdc_runtime_System_abort__E)
                  00007704    0000001a     driverlib.lib : usb.obj (.text:USBEndpointDMAChannel)
                  0000771e    0000001a     usbkeyboarddevice_pem4f.oem4f (.text:ti_sysbios_family_arm_m3_Hwi_Handle__label__S)
                  00007738    0000001a     usbkeyboarddevice_pem4f.oem4f (.text:ti_sysbios_gates_GateHwi_Handle__label__S)
                  00007752    0000001a     usbkeyboarddevice_pem4f.oem4f (.text:ti_sysbios_gates_GateMutex_Handle__label__S)
                  0000776c    0000001a     usbkeyboarddevice_pem4f.oem4f (.text:ti_sysbios_heaps_HeapMem_Handle__label__S)
                  00007786    0000001a     usbkeyboarddevice_pem4f.oem4f (.text:ti_sysbios_knl_Swi_Handle__label__S)
                  000077a0    0000001a     usbkeyboarddevice_pem4f.oem4f (.text:ti_sysbios_knl_Task_Handle__label__S)
                  000077ba    0000001a     usbkeyboarddevice_pem4f.oem4f (.text:xdc_runtime_System_aprintf__E)
                  000077d4    0000001a     usbkeyboarddevice_pem4f.oem4f (.text:xdc_runtime_System_printf__E)
                  000077ee    00000018     usblib.lib : usbdhid.obj (.text:SetDeferredOpFlag)
                  00007806    00000002     --HOLE-- [fill = 0]
                  00007808    00000018                : usbdhandler.obj (.text:USB0DeviceIntHandler)
                  00007820    00000018                : usbdcdesc.obj (.text:USBDCDConfigDescGetSize)
                  00007838    00000018                : usbdenum.obj (.text:USBDSetDescriptor)
                  00007850    00000018                : usbdenum.obj (.text:USBDSyncFrame)
                  00007868    00000018     rtsv7M4_T_le_v4SPD16_eabi.lib : args_main.obj (.text)
                  00007880    00000018     usbkeyboarddevice_pem4f.oem4f (.text:ti_sysbios_BIOS_rtsUnlock__I)
                  00007898    00000018     usbkeyboarddevice_pem4f.oem4f (.text:ti_sysbios_family_arm_lm4_Timer_Module__startupDone__F)
                  000078b0    00000018     usbkeyboarddevice_pem4f.oem4f (.text:ti_sysbios_family_arm_m3_Hwi_Module__startupDone__F)
                  000078c8    00000018     sysbios.aem4f : m3_TaskSupport_asm.obj (.text:ti_sysbios_family_arm_m3_TaskSupport_swap__E)
                  000078e0    00000018                   : BIOS.obj (.text:ti_sysbios_gates_GateMutex_leave__E)
                  000078f8    00000018                   : BIOS.obj (.text:ti_sysbios_knl_Task_sleepTimeout__I)
                  00007910    00000018     driverlib.lib : udma.obj (.text:uDMAChannelDisable)
                  00007928    00000018                   : udma.obj (.text:uDMAChannelEnable)
                  00007940    00000018     ti.targets.arm.rtsarm.aem4f : Error.oem4f (.text:xdc_runtime_Error_check__E)
                  00007958    00000018                                 : System.oem4f (.text:xdc_runtime_System_exit__E)
                  00007970    00000018                                 : Text.oem4f (.text:xdc_runtime_Text_ropeText__E)
                  00007988    00000016     usbkeyboarddevice_pem4f.oem4f (.text:ti_sysbios_BIOS_exitFunc__I)
                  0000799e    00000016     USBKBD.obj (.text:ti_sysbios_knl_Semaphore_Params_init)
                  000079b4    00000016     usbkeyboarddevice.obj (.text:ti_sysbios_knl_Task_Params_init)
                  000079ca    00000002     --HOLE-- [fill = 0]
                  000079cc    00000014     driverlib.lib : sysctl.obj (.text:SysCtlUSBPLLEnable)
                  000079e0    00000014     usblib.lib : usbdenum.obj (.text:USBDCDRequestDataEP0)
                  000079f4    00000014                : usbdenum.obj (.text:USBDCDSendDataEP0)
                  00007a08    00000014     driverlib.lib : usb.obj (.text:USBDMAChannelConfigSet)
                  00007a1c    00000014                   : usb.obj (.text:USBHostResume)
                  00007a30    00000014                   : usb.obj (.text:USBIntEnableEndpoint)
                  00007a44    00000014                   : usb.obj (.text:_USBIndexWrite)
                  00007a58    00000014     rtsv7M4_T_le_v4SPD16_eabi.lib : _lock.obj (.text)
                  00007a6c    00000014                                   : strcpy.obj (.text)
                  00007a80    00000014                                   : strlen.obj (.text)
                  00007a94    00000014     usbkeyboarddevice_pem4f.oem4f (.text:ti_sysbios_family_arm_m3_Hwi_Object__get__S)
                  00007aa8    00000014     sysbios.aem4f : BIOS.obj (.text:ti_sysbios_family_arm_m3_Hwi_switchFromBootStack__E)
                  00007abc    00000014     usbkeyboarddevice_pem4f.oem4f (.text:ti_sysbios_heaps_HeapMem_Object__get__S)
                  00007ad0    00000014     usbkeyboarddevice_pem4f.oem4f (.text:ti_sysbios_knl_Swi_Object__get__S)
                  00007ae4    00000012     driverlib.lib : gpio.obj (.text:GPIOPinTypeGPIOInput)
                  00007af6    00000012                   : gpio.obj (.text:GPIOPinTypeUSBAnalog)
                  00007b08    00000012     usblib.lib : usbdhid.obj (.text:HandleResume)
                  00007b1a    00000012                : usbdhid.obj (.text:HandleSuspend)
                  00007b2c    00000012     driverlib.lib : usb.obj (.text:USBDMAChannelDisable)
                  00007b3e    00000012                   : usb.obj (.text:USBDMAChannelEnable)
                  00007b50    00000012                   : usb.obj (.text:USBDMAChannelIntDisable)
                  00007b62    00000012                   : usb.obj (.text:USBDMAChannelIntEnable)
                  00007b74    00000004     --HOLE-- [fill = 0]
                  00007b78    00000012     sysbios.aem4f : BIOS.obj (.text:ti_sysbios_hal_Hwi_Module_startup__E)
                  00007b8a    00000012     usbkeyboarddevice_pem4f.oem4f (.text:xdc_runtime_Startup_exec__I)
                  00007b9c    00000010     driverlib.lib : usb.obj (.text:USBEndpointStatus)
                  00007bac    00000004     --HOLE-- [fill = 0]
                  00007bb0    00000010     sysbios.aem4f : BIOS.obj (.text:ti_sysbios_BIOS_setThreadType__E)
                  00007bc0    00000010                   : BIOS.obj (.text:ti_sysbios_BIOS_start__E)
                  00007bd0    00000010                   : m3_TaskSupport_asm.obj (.text:ti_sysbios_family_arm_m3_TaskSupport_glue)
                  00007be0    00000010                   : BIOS.obj (.text:ti_sysbios_gates_GateMutex_Instance_finalize__E)
                  00007bf0    00000010     usbkeyboarddevice_pem4f.oem4f (.text:ti_sysbios_hal_Hwi_HwiProxy_Object__create__S)
                  00007c00    00000010     sysbios.aem4f : BIOS.obj (.text:ti_sysbios_knl_Semaphore_Instance_finalize__E)
                  00007c10    00000010                   : BIOS.obj (.text:ti_sysbios_knl_Swi_disable__E)
                  00007c20    00000010                   : BIOS.obj (.text:ti_sysbios_knl_Task_disable__E)
                  00007c30    00000010     ti.targets.arm.rtsarm.aem4f : Gate.oem4f (.text:xdc_runtime_Gate_leaveSystem__E)
                  00007c40    00000010                                 : Memory.oem4f (.text:xdc_runtime_Memory_free__E)
                  00007c50    00000010                                 : SysMin.oem4f (.text:xdc_runtime_SysMin_ready__E)
                  00007c60    00000010                                 : System.oem4f (.text:xdc_runtime_System_vsnprintf__E)
                  00007c70    00000010     usbkeyboarddevice_pem4f.oem4f (.text:xdc_runtime_Text_visitRope__I)
                  00007c80    0000000e     usblib.lib : usbdma.obj (.text:DMAUSBIntStatusClear)
                  00007c8e    0000000e     driverlib.lib : gpio.obj (.text:GPIOIntStatus)
                  00007c9c    0000000e     usblib.lib : usbdhid.obj (.text:USBDHIDTxPacketAvailable)
                  00007caa    0000000e     driverlib.lib : usb.obj (.text:USBDMAChannelStatus)
                  00007cb8    0000000e                   : usb.obj (.text:USBDevLPMDisable)
                  00007cc6    0000000e                   : usb.obj (.text:USBDevLPMEnable)
                  00007cd4    0000000e                   : usb.obj (.text:USBULPIDisable)
                  00007ce2    0000000e                   : usb.obj (.text:USBULPIEnable)
                  00007cf0    0000000e     rtsv7M4_T_le_v4SPD16_eabi.lib : copy_decompress_none.obj (.text:decompress:none)
                  00007cfe    00000002     --HOLE-- [fill = 0]
                  00007d00    0000000e     sysbios.aem4f : BIOS.obj (.text:ti_sysbios_knl_Queue_empty__E)
                  00007d0e    0000000e     usbkeyboarddevice_pem4f.oem4f (.text:ti_sysbios_knl_Task_Object__get__S)
                  00007d1c    0000000c     usbkeyboarddevice_pem4f.oem4f (.text:.bootCodeSection:ti_catalog_arm_cortexm4_tiva_ce_Boot_init__I)
                  00007d28    0000000c     driverlib.lib : usb.obj (.text:USBEndpointPacketCountSet)
                  00007d34    0000000c                   : usb.obj (.text:USBLPMIntEnable)
                  00007d40    0000000c     rtsv7M4_T_le_v4SPD16_eabi.lib : copy_zero_init.obj (.text:decompress:ZI)
                  00007d4c    00000004     --HOLE-- [fill = 0]
                  00007d50    0000000c     sysbios.aem4f : BIOS.obj (.text:ti_sysbios_family_arm_lm4_Timer_getMaxTicks__E)
                  00007d5c    0000000c     usbkeyboarddevice_pem4f.oem4f (.text:ti_sysbios_family_arm_m3_Hwi_Params__init__S)
                  00007d68    0000000c     sysbios.aem4f : BIOS.obj (.text:ti_sysbios_family_arm_m3_Hwi_disableFxn__E)
                  00007d74    00000004     --HOLE-- [fill = 0]
                  00007d78    0000000c                   : BIOS.obj (.text:ti_sysbios_family_arm_m3_TaskSupport_checkStack__E)
                  00007d84    00000004     --HOLE-- [fill = 0]
                  00007d88    0000000c                   : BIOS.obj (.text:ti_sysbios_family_arm_m3_TaskSupport_getStackAlignment__E)
                  00007d94    00000004     --HOLE-- [fill = 0]
                  00007d98    0000000c                   : BIOS.obj (.text:ti_sysbios_gates_GateHwi_enter__E)
                  00007da4    0000000c     usbkeyboarddevice_pem4f.oem4f (.text:ti_sysbios_knl_Queue_Object__get__S)
                  00007db0    0000000c     usbkeyboarddevice_pem4f.oem4f (.text:ti_sysbios_knl_Semaphore_Params__init__S)
                  00007dbc    0000000c     usbkeyboarddevice_pem4f.oem4f (.text:ti_sysbios_knl_Task_Params__init__S)
                  00007dc8    0000000c     ti.targets.arm.rtsarm.aem4f : Error.oem4f (.text:xdc_runtime_Error_init__E)
                  00007dd4    0000000c                                 : Gate.oem4f (.text:xdc_runtime_Gate_enterSystem__E)
                  00007de0    0000000c                                 : Memory.oem4f (.text:xdc_runtime_Memory_calloc__E)
                  00007dec    0000000c                                 : Memory.oem4f (.text:xdc_runtime_Memory_getMaxDefaultTypeAlign__E)
                  00007df8    0000000a     driverlib.lib : usb.obj (.text:USBClockEnable)
                  00007e02    0000000a                   : usb.obj (.text:USBControllerVersion)
                  00007e0c    0000000a                   : usb.obj (.text:USBDMAChannelAddressSet)
                  00007e16    0000000a                   : usb.obj (.text:USBDMAChannelCountSet)
                  00007e20    0000000a                   : usb.obj (.text:USBDevConnect)
                  00007e2a    0000000a                   : usb.obj (.text:USBDevDisconnect)
                  00007e34    0000000a                   : usb.obj (.text:USBIntStatusEndpoint)
                  00007e3e    0000000a     USBKBD.obj (.text:USBKBD_hwiHandler)
                  00007e48    0000000a     sysbios.aem4f : BIOS.obj (.text:ti_sysbios_hal_Hwi_Instance_finalize__E)
                  00007e52    0000000a     usbkeyboarddevice_pem4f.oem4f (.text:xdc_runtime_IHeap_alloc)
                  00007e5c    0000000a     usbkeyboarddevice_pem4f.oem4f (.text:xdc_runtime_IHeap_free)
                  00007e66    00000008     driverlib.lib : usb.obj (.text:USBDevMode)
                  00007e6e    00000008                   : usb.obj (.text:USBFIFOAddrGet)
                  00007e76    00000008                   : usb.obj (.text:USBOTGMode)
                  00007e7e    00000008     usblib.lib : usbdma.obj (.text:iDMAUSBChannelIntDisable)
                  00007e86    00000008                : usbdma.obj (.text:iDMAUSBChannelIntEnable)
                  00007e8e    00000008     sysbios.aem4f : BIOS.obj (.text:ti_sysbios_family_arm_lm4_Timer_masterDisable__I)
                  00007e96    00000002     --HOLE-- [fill = 0]
                  00007e98    00000008                   : BIOS.obj (.text:ti_sysbios_family_arm_m3_Hwi_doSwiRestore__I)
                  00007ea0    00000008                   : BIOS.obj (.text:ti_sysbios_family_arm_m3_Hwi_startup__E)
                  00007ea8    00000006     driverlib.lib : gpio.obj (.text:GPIOPinWrite)
                  00007eae    00000006     usblib.lib : usbdhidkeyb.obj (.text:USBDHIDKeyboardRemoteWakeupRequest)
                  00007eb4    00000006                : usbdhid.obj (.text:USBDHIDRemoteWakeupRequest)
                  00007eba    00000006     driverlib.lib : usb.obj (.text:USBDMAChannelIntStatus)
                  00007ec0    00000006                   : usb.obj (.text:USBDevLPMConfig)
                  00007ec6    00000006                   : usb.obj (.text:USBLPMIntStatus)
                  00007ecc    00000006     usblib.lib : usbdma.obj (.text:iDMAUSBIntStatus)
                  00007ed2    00000006     Boot.aem4f : Boot_sysctl.oem4f (.text:ti_catalog_arm_cortexm4_tiva_ce_Boot_sysCtlDelayI__I)
                  00007ed8    00000006     sysbios.aem4f : BIOS.obj (.text:ti_sysbios_family_arm_m3_Hwi_doTaskRestore__I)
                  00007ede    00000002     --HOLE-- [fill = 0]
                  00007ee0    00000006                   : BIOS.obj (.text:ti_sysbios_family_arm_m3_Hwi_restoreFxn__E)
                  00007ee6    00000002     --HOLE-- [fill = 0]
                  00007ee8    00000006                   : BIOS.obj (.text:ti_sysbios_gates_GateHwi_leave__E)
                  00007eee    00000002     --HOLE-- [fill = 0]
                  00007ef0    00000006                   : BIOS.obj (.text:ti_sysbios_heaps_HeapMem_isBlocking__E)
                  00007ef6    00000002     --HOLE-- [fill = 0]
                  00007ef8    00000006                   : BIOS.obj (.text:ti_sysbios_knl_Queue_Instance_init__E)
                  00007efe    00000002     --HOLE-- [fill = 0]
                  00007f00    00000006                   : BIOS.obj (.text:ti_sysbios_knl_Swi_startup__E)
                  00007f06    00000006     ti.targets.arm.rtsarm.aem4f : System.oem4f (.text:xdc_runtime_System_Module_startup__E)
                  00007f0c    00000004     --HOLE-- [fill = 0]
                  00007f10    00000004     sysbios.aem4f : BIOS.obj (.text:ti_sysbios_gates_GateHwi_query__E)
                  00007f14    00000004     --HOLE-- [fill = 0]
                  00007f18    00000004                   : BIOS.obj (.text:ti_sysbios_gates_GateMutex_query__E)
                  00007f1c    00000004     --HOLE-- [fill = 0]
                  00007f20    00000004                   : BIOS.obj (.text:ti_sysbios_knl_Task_startup__E)
                  00007f24    00000004     --HOLE-- [fill = 0]
                  00007f28    00000002                   : BIOS.obj (.text:ti_sysbios_gates_GateHwi_Instance_init__E)
                  00007f2a    00000006     --HOLE-- [fill = 0]
                  00007f30    00000002                   : BIOS.obj (.text:ti_sysbios_knl_Clock_logTick__E)

.const     0    00007f34    0000217e     
                  00007f34    00001844     usbkeyboarddevice_pem4f.oem4f (.const:xdc_runtime_Text_charTab__A)
                  00009778    000000be     USBKBD.obj (.const:keyUsageCodes)
                  00009836    000000bc     usbkeyboarddevice_pem4f.oem4f (.const:xdc_runtime_Text_nodeTab__A)
                  000098f2    00000002     usbkeyboarddevice_pem4f.oem4f (.const:ti_catalog_arm_cortexm4_tiva_ce_Boot_Module__id__C)
                  000098f4    00000070     driverlib.lib : interrupt.obj (.const)
                  00009964    00000054     drivers_tivaware.aem4f : GPIOTiva.oem4f (.const:.string)
                  000099b8    00000048     usbkeyboarddevice_pem4f.oem4f (.const:.string)
                  00009a00    00000048     drivers_tivaware.aem4f : GPIOTiva.oem4f (.const:gpioBaseAddresses)
                  00009a48    0000003f     usblib.lib : usbdhidkeyb.obj (.const:.string:g_pui8KeybReportDescriptor)
                  00009a87    00000001     usbkeyboarddevice_pem4f.oem4f (.const:xdc_runtime_Error_policy__C)
                  00009a88    0000003c     usbkeyboarddevice_pem4f.oem4f (.const:ti_sysbios_knl_Task_Object__PARAMS__C)
                  00009ac4    00000036     USBKBD.obj (.const:.string:configString)
                  00009afa    00000002     usbkeyboarddevice_pem4f.oem4f (.const:ti_sysbios_family_arm_m3_Hwi_Module__id__C)
                  00009afc    00000034     usblib.lib : usbdenum.obj (.const:g_psUSBDStdRequests)
                  00009b30    00000034                : usbdhidkeyb.obj (.const)
                  00009b64    00000030                : usbdhid.obj (.const:g_sHIDHandlers)
                  00009b94    00000030     usbkeyboarddevice_pem4f.oem4f (.const:ti_sysbios_family_arm_m3_Hwi_Object__PARAMS__C)
                  00009bc4    0000002e     USBKBD.obj (.const:.string:hidInterfaceString)
                  00009bf2    00000002     usbkeyboarddevice_pem4f.oem4f (.const:ti_sysbios_hal_Hwi_Module__id__C)
                  00009bf4    0000002c     usbkeyboarddevice_pem4f.oem4f (.const:ti_sysbios_hal_Hwi_Object__PARAMS__C)
                  00009c20    00000028     usbkeyboarddevice_pem4f.oem4f (.const:ti_sysbios_heaps_HeapMem_Module__FXNS__C)
                  00009c48    00000024     USBKBD.obj (.const:.string:manufacturerString)
                  00009c6c    00000024     usbkeyboarddevice_pem4f.oem4f (.const:ti_sysbios_gates_GateHwi_Module__FXNS__C)
                  00009c90    00000024     usbkeyboarddevice_pem4f.oem4f (.const:ti_sysbios_gates_GateMutex_Module__FXNS__C)
                  00009cb4    00000024     usbkeyboarddevice_pem4f.oem4f (.const:ti_sysbios_heaps_HeapMem_Object__PARAMS__C)
                  00009cd8    00000024     usbkeyboarddevice_pem4f.oem4f (.const:ti_sysbios_knl_Semaphore_Object__PARAMS__C)
                  00009cfc    00000022     USBKBD.obj (.const:.string:productString)
                  00009d1e    00000002     usbkeyboarddevice_pem4f.oem4f (.const:ti_sysbios_heaps_HeapMem_Module__id__C)
                  00009d20    00000020     usbkeyboarddevice_pem4f.oem4f (.const:ti_sysbios_family_arm_m3_Hwi_Object__DESC__C)
                  00009d40    00000020     usbkeyboarddevice_pem4f.oem4f (.const:ti_sysbios_gates_GateHwi_Object__DESC__C)
                  00009d60    00000020     usbkeyboarddevice_pem4f.oem4f (.const:ti_sysbios_gates_GateMutex_Object__DESC__C)
                  00009d80    00000020     usbkeyboarddevice_pem4f.oem4f (.const:ti_sysbios_hal_Hwi_Object__DESC__C)
                  00009da0    00000020     usbkeyboarddevice_pem4f.oem4f (.const:ti_sysbios_heaps_HeapMem_Object__DESC__C)
                  00009dc0    00000020     usbkeyboarddevice_pem4f.oem4f (.const:ti_sysbios_knl_Queue_Object__DESC__C)
                  00009de0    00000020     usbkeyboarddevice_pem4f.oem4f (.const:ti_sysbios_knl_Semaphore_Object__DESC__C)
                  00009e00    00000020     usbkeyboarddevice_pem4f.oem4f (.const:ti_sysbios_knl_Task_Object__DESC__C)
                  00009e20    00000020     usbkeyboarddevice_pem4f.oem4f (.const:xdc_runtime_Startup_sfxnTab__A)
                  00009e40    00000018     USBKBD.obj (.const:stringDescriptors)
                  00009e58    00000018     usbkeyboarddevice_pem4f.oem4f (.const:ti_sysbios_gates_GateHwi_Object__PARAMS__C)
                  00009e70    00000018     usbkeyboarddevice_pem4f.oem4f (.const:ti_sysbios_gates_GateMutex_Object__PARAMS__C)
                  00009e88    00000018     usbkeyboarddevice_pem4f.oem4f (.const:ti_sysbios_knl_Queue_Object__PARAMS__C)
                  00009ea0    00000014     usbkeyboarddevice.obj (.const:.string:text3)
                  00009eb4    00000014     EK_TM4C123GXL.obj (.const:GPIOTiva_config)
                  00009ec8    00000014     usbkeyboarddevice_pem4f.oem4f (.const:xdc_runtime_Startup_firstFxns__A)
                  00009edc    00000012     USBKBD.obj (.const:.string:serialNumberString)
                  00009eee    00000011     usbkeyboarddevice.obj (.const:.string:text)
                  00009eff    00000001     --HOLE-- [fill = 0]
                  00009f00    00000010     usbkeyboarddevice_pem4f.oem4f (.const:xdc_runtime_Startup_sfxnRts__A)
                  00009f10    0000000e     usblib.lib : usbdhidkeyb.obj (.const:.string)
                  00009f1e    0000000c     usbkeyboarddevice.obj (.const:.string:text1)
                  00009f2a    0000000b     usbkeyboarddevice.obj (.const:.string:text2)
                  00009f35    0000000b     usbkeyboarddevice.obj (.const:.string:text4)
                  00009f40    00000008     usbkeyboarddevice_pem4f.oem4f (.const:ti_sysbios_family_arm_m3_Hwi_excHookFuncs__A)
                  00009f48    00000008     usbkeyboarddevice_pem4f.oem4f (.const:ti_sysbios_knl_Idle_funcList__C)
                  00009f50    00000008     usbkeyboarddevice_pem4f.oem4f (.const:xdc_runtime_Startup_firstFxns__C)
                  00009f58    00000008     usbkeyboarddevice_pem4f.oem4f (.const:xdc_runtime_Startup_lastFxns__C)
                  00009f60    00000004     USBKBD.obj (.const:.string:langDescriptor)
                  00009f64    00000004     usbkeyboarddevice_pem4f.oem4f (.const:ti_catalog_arm_cortexm4_tiva_ce_Boot_A_mustUseEnhancedClockMode__C)
                  00009f68    00000004     usbkeyboarddevice_pem4f.oem4f (.const:ti_catalog_arm_cortexm4_tiva_ce_Boot_Module__diagsEnabled__C)
                  00009f6c    00000004     usbkeyboarddevice_pem4f.oem4f (.const:ti_catalog_arm_cortexm4_tiva_ce_Boot_Module__diagsIncluded__C)
                  00009f70    00000004     usbkeyboarddevice_pem4f.oem4f (.const:ti_catalog_arm_cortexm4_tiva_ce_Boot_Module__diagsMask__C)
                  00009f74    00000004     usbkeyboarddevice_pem4f.oem4f (.const:ti_sysbios_family_arm_lm4_Timer_enableFunc__C)
                  00009f78    00000004     usbkeyboarddevice_pem4f.oem4f (.const:ti_sysbios_family_arm_lm4_Timer_numTimerDevices__C)
                  00009f7c    00000004     usbkeyboarddevice_pem4f.oem4f (.const:ti_sysbios_family_arm_lm4_Timer_startupNeeded__C)
                  00009f80    00000004     usbkeyboarddevice_pem4f.oem4f (.const:ti_sysbios_family_arm_m3_Hwi_E_NMI__C)
                  00009f84    00000004     usbkeyboarddevice_pem4f.oem4f (.const:ti_sysbios_family_arm_m3_Hwi_E_alreadyDefined__C)
                  00009f88    00000004     usbkeyboarddevice_pem4f.oem4f (.const:ti_sysbios_family_arm_m3_Hwi_E_busFault__C)
                  00009f8c    00000004     usbkeyboarddevice_pem4f.oem4f (.const:ti_sysbios_family_arm_m3_Hwi_E_debugMon__C)
                  00009f90    00000004     usbkeyboarddevice_pem4f.oem4f (.const:ti_sysbios_family_arm_m3_Hwi_E_hardFault__C)
                  00009f94    00000004     usbkeyboarddevice_pem4f.oem4f (.const:ti_sysbios_family_arm_m3_Hwi_E_memFault__C)
                  00009f98    00000004     usbkeyboarddevice_pem4f.oem4f (.const:ti_sysbios_family_arm_m3_Hwi_E_noIsr__C)
                  00009f9c    00000004     usbkeyboarddevice_pem4f.oem4f (.const:ti_sysbios_family_arm_m3_Hwi_E_reserved__C)
                  00009fa0    00000004     usbkeyboarddevice_pem4f.oem4f (.const:ti_sysbios_family_arm_m3_Hwi_E_svCall__C)
                  00009fa4    00000004     usbkeyboarddevice_pem4f.oem4f (.const:ti_sysbios_family_arm_m3_Hwi_E_usageFault__C)
                  00009fa8    00000004     usbkeyboarddevice_pem4f.oem4f (.const:ti_sysbios_family_arm_m3_Hwi_NUM_INTERRUPTS__C)
                  00009fac    00000004     usbkeyboarddevice_pem4f.oem4f (.const:ti_sysbios_family_arm_m3_Hwi_Object__count__C)
                  00009fb0    00000004     usbkeyboarddevice_pem4f.oem4f (.const:ti_sysbios_family_arm_m3_Hwi_ccr__C)
                  00009fb4    00000004     usbkeyboarddevice_pem4f.oem4f (.const:ti_sysbios_family_arm_m3_Hwi_excHandlerFunc__C)
                  00009fb8    00000004     usbkeyboarddevice_pem4f.oem4f (.const:ti_sysbios_family_arm_m3_Hwi_excHookFuncs__C)
                  00009fbc    00000004     usbkeyboarddevice_pem4f.oem4f (.const:ti_sysbios_family_arm_m3_Hwi_nullIsrFunc__C)
                  00009fc0    00000004     usbkeyboarddevice_pem4f.oem4f (.const:ti_sysbios_family_arm_m3_Hwi_priGroup__C)
                  00009fc4    00000004     usbkeyboarddevice_pem4f.oem4f (.const:ti_sysbios_family_arm_m3_TaskSupport_stackAlignment__C)
                  00009fc8    00000004     usbkeyboarddevice_pem4f.oem4f (.const:ti_sysbios_gates_GateMutex_Instance_State_sem__O)
                  00009fcc    00000004     usbkeyboarddevice_pem4f.oem4f (.const:ti_sysbios_hal_Hwi_E_stackOverflow__C)
                  00009fd0    00000004     usbkeyboarddevice_pem4f.oem4f (.const:ti_sysbios_heaps_HeapMem_E_memory__C)
                  00009fd4    00000004     usbkeyboarddevice_pem4f.oem4f (.const:ti_sysbios_heaps_HeapMem_Module__gateObj__C)
                  00009fd8    00000004     usbkeyboarddevice_pem4f.oem4f (.const:ti_sysbios_heaps_HeapMem_Object__count__C)
                  00009fdc    00000004     usbkeyboarddevice_pem4f.oem4f (.const:ti_sysbios_heaps_HeapMem_reqAlign__C)
                  00009fe0    00000004     usbkeyboarddevice_pem4f.oem4f (.const:ti_sysbios_knl_Clock_Module_State_clockQ__O)
                  00009fe4    00000004     usbkeyboarddevice_pem4f.oem4f (.const:ti_sysbios_knl_Idle_funcList__A)
                  00009fe8    00000004     usbkeyboarddevice_pem4f.oem4f (.const:ti_sysbios_knl_Semaphore_Instance_State_pendQ__O)
                  00009fec    00000004     usbkeyboarddevice_pem4f.oem4f (.const:ti_sysbios_knl_Swi_Object__count__C)
                  00009ff0    00000004     usbkeyboarddevice_pem4f.oem4f (.const:ti_sysbios_knl_Task_E_spOutOfBounds__C)
                  00009ff4    00000004     usbkeyboarddevice_pem4f.oem4f (.const:ti_sysbios_knl_Task_E_stackOverflow__C)
                  00009ff8    00000004     usbkeyboarddevice_pem4f.oem4f (.const:ti_sysbios_knl_Task_Module_State_inactiveQ__O)
                  00009ffc    00000004     usbkeyboarddevice_pem4f.oem4f (.const:ti_sysbios_knl_Task_Object__count__C)
                  0000a000    00000004     usbkeyboarddevice_pem4f.oem4f (.const:ti_sysbios_knl_Task_allBlockedFunc__C)
                  0000a004    00000004     usbkeyboarddevice_pem4f.oem4f (.const:ti_sysbios_knl_Task_defaultStackHeap__C)
                  0000a008    00000004     usbkeyboarddevice_pem4f.oem4f (.const:ti_sysbios_knl_Task_defaultStackSize__C)
                  0000a00c    00000004     usbkeyboarddevice_pem4f.oem4f (.const:ti_sysbios_knl_Task_numConstructedTasks__C)
                  0000a010    00000004     usbkeyboarddevice_pem4f.oem4f (.const:xdc_runtime_Assert_E_assertFailed__C)
                  0000a014    00000004     usbkeyboarddevice_pem4f.oem4f (.const:xdc_runtime_Core_A_initializedParams__C)
                  0000a018    00000004     usbkeyboarddevice_pem4f.oem4f (.const:xdc_runtime_Core_Module__diagsEnabled__C)
                  0000a01c    00000004     usbkeyboarddevice_pem4f.oem4f (.const:xdc_runtime_Core_Module__diagsIncluded__C)
                  0000a020    00000004     usbkeyboarddevice_pem4f.oem4f (.const:xdc_runtime_Core_Module__diagsMask__C)
                  0000a024    00000004     usbkeyboarddevice_pem4f.oem4f (.const:xdc_runtime_Error_E_memory__C)
                  0000a028    00000004     usbkeyboarddevice_pem4f.oem4f (.const:xdc_runtime_Error_Module__diagsEnabled__C)
                  0000a02c    00000004     usbkeyboarddevice_pem4f.oem4f (.const:xdc_runtime_Error_Module__diagsIncluded__C)
                  0000a030    00000004     usbkeyboarddevice_pem4f.oem4f (.const:xdc_runtime_Error_Module__diagsMask__C)
                  0000a034    00000004     usbkeyboarddevice_pem4f.oem4f (.const:xdc_runtime_Error_Module__loggerFxn8__C)
                  0000a038    00000004     usbkeyboarddevice_pem4f.oem4f (.const:xdc_runtime_Error_Module__loggerObj__C)
                  0000a03c    00000004     usbkeyboarddevice_pem4f.oem4f (.const:xdc_runtime_Error_policyFxn__C)
                  0000a040    00000004     usbkeyboarddevice_pem4f.oem4f (.const:xdc_runtime_Error_raiseHook__C)
                  0000a044    00000004     usbkeyboarddevice_pem4f.oem4f (.const:xdc_runtime_IGateProvider_Interface__BASE__C)
                  0000a048    00000004     usbkeyboarddevice_pem4f.oem4f (.const:xdc_runtime_IHeap_Interface__BASE__C)
                  0000a04c    00000004     usbkeyboarddevice_pem4f.oem4f (.const:xdc_runtime_IModule_Interface__BASE__C)
                  0000a050    00000004     usbkeyboarddevice_pem4f.oem4f (.const:xdc_runtime_Log_L_error__C)
                  0000a054    00000004     usbkeyboarddevice_pem4f.oem4f (.const:xdc_runtime_Memory_defaultHeapInstance__C)
                  0000a058    00000004     usbkeyboarddevice_pem4f.oem4f (.const:xdc_runtime_Startup_execImpl__C)
                  0000a05c    00000004     usbkeyboarddevice_pem4f.oem4f (.const:xdc_runtime_Startup_maxPasses__C)
                  0000a060    00000004     usbkeyboarddevice_pem4f.oem4f (.const:xdc_runtime_Startup_sfxnRts__C)
                  0000a064    00000004     usbkeyboarddevice_pem4f.oem4f (.const:xdc_runtime_Startup_sfxnTab__C)
                  0000a068    00000004     usbkeyboarddevice_pem4f.oem4f (.const:xdc_runtime_SysMin_bufSize__C)
                  0000a06c    00000004     usbkeyboarddevice_pem4f.oem4f (.const:xdc_runtime_SysMin_outputFunc__C)
                  0000a070    00000004     usbkeyboarddevice_pem4f.oem4f (.const:xdc_runtime_System_Module__gateObj__C)
                  0000a074    00000004     usbkeyboarddevice_pem4f.oem4f (.const:xdc_runtime_System_abortFxn__C)
                  0000a078    00000004     usbkeyboarddevice_pem4f.oem4f (.const:xdc_runtime_System_exitFxn__C)
                  0000a07c    00000004     usbkeyboarddevice_pem4f.oem4f (.const:xdc_runtime_System_extendFxn__C)
                  0000a080    00000004     usbkeyboarddevice_pem4f.oem4f (.const:xdc_runtime_System_maxAtexitHandlers__C)
                  0000a084    00000004     usbkeyboarddevice_pem4f.oem4f (.const:xdc_runtime_Text_charTab__C)
                  0000a088    00000004     usbkeyboarddevice_pem4f.oem4f (.const:xdc_runtime_Text_nameEmpty__C)
                  0000a08c    00000004     usbkeyboarddevice_pem4f.oem4f (.const:xdc_runtime_Text_nameStatic__C)
                  0000a090    00000004     usbkeyboarddevice_pem4f.oem4f (.const:xdc_runtime_Text_nameUnknown__C)
                  0000a094    00000004     usbkeyboarddevice_pem4f.oem4f (.const:xdc_runtime_Text_nodeTab__C)
                  0000a098    00000004     usbkeyboarddevice_pem4f.oem4f (.const:xdc_runtime_Text_visitRopeFxn__C)
                  0000a09c    00000002     usbkeyboarddevice.obj (.const:.string)
                  0000a09e    00000002     usbkeyboarddevice_pem4f.oem4f (.const:ti_sysbios_knl_Task_Module__id__C)
                  0000a0a0    00000002     usbkeyboarddevice_pem4f.oem4f (.const:xdc_runtime_Core_Module__id__C)
                  0000a0a2    00000002     usbkeyboarddevice_pem4f.oem4f (.const:xdc_runtime_Error_Module__loggerDefined__C)
                  0000a0a4    00000002     usbkeyboarddevice_pem4f.oem4f (.const:xdc_runtime_Error_maxDepth__C)
                  0000a0a6    00000002     usbkeyboarddevice_pem4f.oem4f (.const:xdc_runtime_Memory_Module__id__C)
                  0000a0a8    00000002     usbkeyboarddevice_pem4f.oem4f (.const:xdc_runtime_SysMin_flushAtExit__C)
                  0000a0aa    00000002     usbkeyboarddevice_pem4f.oem4f (.const:xdc_runtime_Text_charCnt__C)
                  0000a0ac    00000002     usbkeyboarddevice_pem4f.oem4f (.const:xdc_runtime_Text_isLoaded__C)
                  0000a0ae    00000002     usbkeyboarddevice_pem4f.oem4f (.const:xdc_runtime_Text_registryModsLastId__C)
                  0000a0b0    00000002     usbkeyboarddevice_pem4f.oem4f (.const:xdc_runtime_Text_unnamedModsLastId__C)

.cinit     0    0000a0b8    00000250     
                  0000a0b8    00000217     (.cinit..data.load) [load image, compression = lzss]
                  0000a2cf    00000001     --HOLE-- [fill = 0]
                  0000a2d0    0000000c     (__TI_handler_table)
                  0000a2dc    00000004     --HOLE-- [fill = 0]
                  0000a2e0    00000008     (.cinit..bss.load) [load image, compression = zero_init]
                  0000a2e8    00000008     (.cinit..vecs.load) [load image, compression = zero_init]
                  0000a2f0    00000018     (__TI_cinit_table)

.init_array 
*          0    00000000    00000000     UNINITIALIZED

.resetVecs 
*          0    00000000    0000003c     
                  00000000    0000003c     usbkeyboarddevice_pem4f.oem4f (.resetVecs)

.bss       0    20000360    00000edc     UNINITIALIZED
                  20000360    00000400     (.common:ti_sysbios_heaps_HeapMem_Instance_State_0_buf__A)
                  20000760    00000360     (.common:ti_sysbios_family_arm_m3_Hwi_dispatchTable)
                  20000ac0    00000300     (.common:task0Stack)
                  20000dc0    00000120     rtsv7M4_T_le_v4SPD16_eabi.lib : trgmsg.obj (.bss:_CIOBUF_)
                  20000ee0    00000110     usblib.lib : usbdma.obj (.bss:g_psUSBDMAInst)
                  20000ff0    00000090     drivers_tivaware.aem4f : GPIOTiva.oem4f (.bss:gpioCallbackInfo)
                  20001080    00000080     (.common:xdc_runtime_SysMin_Module_State_0_outbuf__A)
                  20001100    00000050     usblib.lib : usbdenum.obj (.bss:g_psDCDInst)
                  20001150    00000050     (.common:task0Struct)
                  200011a0    00000040                : usbdenum.obj (.bss:g_pui8DataBufferIn)
                  200011e0    00000018     (.common:g_pfnTickHandlers)
                  200011f8    00000018     (.common:g_pvTickInstance)
                  20001210    00000014     USBKBD.obj (.bss)
                  20001224    00000008     rtsv7M4_T_le_v4SPD16_eabi.lib : trgdrv.obj (.bss:parmbuf)
                  2000122c    00000004     (.common:g_pfnUSBModeCallback)
                  20001230    00000004     (.common:g_ppsDevInfo)
                  20001234    00000004     (.common:g_ui32ULPISupport)
                  20001238    00000004     (.common:gpioInterruptVectors)

.data      0    2000123c    000004f8     UNINITIALIZED
                  2000123c    000000a4     USBKBD.obj (.data:keyboardDevice)
                  200012e0    00000080     usbkeyboarddevice_pem4f.oem4f (.data:ti_sysbios_knl_Swi_Module_State_0_readyQ__A)
                  20001360    00000080     usbkeyboarddevice_pem4f.oem4f (.data:ti_sysbios_knl_Task_Module_State_0_readyQ__A)
                  200013e0    00000044     usbkeyboarddevice_pem4f.oem4f (.data:ti_sysbios_knl_Task_Module__state__V)
                  20001424    00000040     usbkeyboarddevice_pem4f.oem4f (.data:ti_sysbios_family_arm_lm4_Timer_Object__table__V)
                  20001464    00000038     usbkeyboarddevice_pem4f.oem4f (.data:ti_sysbios_gates_GateMutex_Object__table__V)
                  2000149c    00000038     usblib.lib : usbdhidkeyb.obj (.data)
                  200014d4    00000034     usbkeyboarddevice_pem4f.oem4f (.data:ti_sysbios_family_arm_m3_Hwi_Module__state__V)
                  20001508    00000030     usbkeyboarddevice_pem4f.oem4f (.data:ti_sysbios_family_arm_lm4_Timer_Module_State_0_device__A)
                  20001538    00000030     usbkeyboarddevice_pem4f.oem4f (.data:ti_sysbios_knl_Swi_Object__table__V)
                  20001568    0000002c     usbkeyboarddevice_pem4f.oem4f (.data:ti_sysbios_knl_Clock_Module__state__V)
                  20001594    00000024     usbkeyboarddevice_pem4f.oem4f (.data:ti_sysbios_BIOS_Module__state__V)
                  200015b8    0000001c     usbkeyboarddevice_pem4f.oem4f (.data:ti_sysbios_knl_Swi_Module__state__V)
                  200015d4    00000018     usbkeyboarddevice_pem4f.oem4f (.data:ti_sysbios_family_arm_lm4_Timer_Module_State_0_handles__A)
                  200015ec    00000018     usbkeyboarddevice_pem4f.oem4f (.data:ti_sysbios_family_arm_m3_Hwi_Object__table__V)
                  20001604    00000018     usbkeyboarddevice_pem4f.oem4f (.data:ti_sysbios_heaps_HeapMem_Object__table__V)
                  2000161c    00000018     usbkeyboarddevice.obj (.data)
                  20001634    00000014     EK_TM4C123GXL.obj (.data:gpioPinConfigs)
                  20001648    00000012     usblib.lib : usbdhid.obj (.data)
                  2000165a    00000002     usbkeyboarddevice_pem4f.oem4f (.data:ti_sysbios_family_arm_m3_Hwi_Module_State_0_excActive__A)
                  2000165c    0000000c     rtsv7M4_T_le_v4SPD16_eabi.lib : exit.obj (.data:$O1$$)
                  20001668    0000000c     usbkeyboarddevice_pem4f.oem4f (.data:ti_sysbios_family_arm_lm4_Timer_Module__state__V)
                  20001674    0000000c     usblib.lib : usbtick.obj (.data)
                  20001680    0000000c     usbkeyboarddevice_pem4f.oem4f (.data:xdc_runtime_SysMin_Module__state__V)
                  2000168c    00000009     usblib.lib : usbmode.obj (.data)
                  20001695    00000001     --HOLE--
                  20001696    00000002     usbkeyboarddevice_pem4f.oem4f (.data:xdc_runtime_Error_Module__state__V)
                  20001698    00000008     rtsv7M4_T_le_v4SPD16_eabi.lib : _lock.obj (.data:$O1$$)
                  200016a0    00000008     EK_TM4C123GXL.obj (.data:gpioCallbackFunctions)
                  200016a8    00000008     usbkeyboarddevice_pem4f.oem4f (.data:ti_sysbios_family_arm_m3_Hwi_Module__root__V)
                  200016b0    00000008     usbkeyboarddevice_pem4f.oem4f (.data:ti_sysbios_gates_GateHwi_Module__root__V)
                  200016b8    00000008     usbkeyboarddevice_pem4f.oem4f (.data:ti_sysbios_gates_GateMutex_Module__root__V)
                  200016c0    00000008     usbkeyboarddevice_pem4f.oem4f (.data:ti_sysbios_hal_Hwi_Module__root__V)
                  200016c8    00000008     usbkeyboarddevice_pem4f.oem4f (.data:ti_sysbios_heaps_HeapMem_Module__root__V)
                  200016d0    00000008     usbkeyboarddevice_pem4f.oem4f (.data:ti_sysbios_knl_Queue_Module__root__V)
                  200016d8    00000008     usbkeyboarddevice_pem4f.oem4f (.data:ti_sysbios_knl_Semaphore_Module__root__V)
                  200016e0    00000008     usbkeyboarddevice_pem4f.oem4f (.data:ti_sysbios_knl_Task_Module__root__V)
                  200016e8    00000008     usblib.lib : usbdenum.obj (.data)
                  200016f0    00000008     usbkeyboarddevice_pem4f.oem4f (.data:xdc_runtime_Registry_Module__state__V)
                  200016f8    00000008     usbkeyboarddevice_pem4f.oem4f (.data:xdc_runtime_Startup_Module__state__V)
                  20001700    00000008     usbkeyboarddevice_pem4f.oem4f (.data:xdc_runtime_System_Module_State_0_atexitHandlers__A)
                  20001708    00000008     usbkeyboarddevice_pem4f.oem4f (.data:xdc_runtime_System_Module__state__V)
                  20001710    00000005     drivers_tivaware.aem4f : GPIOTiva.oem4f (.data)
                  20001715    00000003     --HOLE--
                  20001718    00000004     rtsv7M4_T_le_v4SPD16_eabi.lib : rand.obj (.data)
                  2000171c    00000004                                   : stkdepth_vars.obj (.data)
                  20001720    00000004     usbkeyboarddevice_pem4f.oem4f (.data:ti_sysbios_family_arm_m3_Hwi_Module_State_0_excContext__A)
                  20001724    00000004     usbkeyboarddevice_pem4f.oem4f (.data:ti_sysbios_family_arm_m3_Hwi_Module_State_0_excStack__A)
                  20001728    00000004     usbkeyboarddevice_pem4f.oem4f (.data:ti_sysbios_gates_GateHwi_Object__table__V)
                  2000172c    00000004     usbkeyboarddevice_pem4f.oem4f (.data:ti_sysbios_knl_Task_Module_State_0_idleTask__A)
                  20001730    00000004     usbkeyboarddevice_pem4f.oem4f (.data:xdc_runtime_Memory_Module__state__V)

.stack     0    20001734    00000300     UNINITIALIZED
                  20001734    00000300     --HOLE--

.bootVecs 
*          0    00000000    00000008     DSECT
                  00000000    00000008     boot.aem4f : boot.oem4f (.bootVecs)

.vecs      0    20000000    00000360     UNINITIALIZED
                  20000000    00000360     usbkeyboarddevice_pem4f.oem4f (.vecs)

xdc.meta   0    00000000    000000eb     COPY SECTION
                  00000000    000000eb     usbkeyboarddevice_pem4f.oem4f (xdc.meta)

MODULE SUMMARY

       Module                          code    ro data   rw data
       ------                          ----    -------   -------
    .\
       USBKBD.obj                      1212    406       184    
       usbkeyboarddevice.obj           614     73        872    
       EK_TM4C123GXL.obj               184     20        28     
    +--+-------------------------------+-------+---------+---------+
       Total:                          2010    499       1084   
                                                                
    C:\Users\luke\workspace_v7\Annoy-a-jon\Debug\configPkg\package\cfg\
       usbkeyboarddevice_pem4f.oem4f   2052    7637      3796   
    +--+-------------------------------+-------+---------+---------+
       Total:                          2052    7637      3796   
                                                                
[...]
00007e17  USBDMAChannelCountSet                                             
00007e21  USBDevConnect                                                     
00007e2b  USBDevDisconnect                                                  
00007e35  USBIntStatusEndpoint                                              
00007e49  ti_sysbios_hal_Hwi_Instance_finalize__E                           
00007e53  xdc_runtime_Memory_HeapProxy_alloc__E                             
00007e5d  xdc_runtime_Memory_HeapProxy_free__E                              
00007e67  USBDevMode                                                        
00007e6f  USBFIFOAddrGet                                                    
00007e77  USBOTGMode                                                        
00007e8f  ti_sysbios_family_arm_lm4_Timer_masterDisable__I                  
00007e99  ti_sysbios_family_arm_m3_Hwi_doSwiRestore__I                      
00007ea1  ti_sysbios_family_arm_m3_Hwi_startup__E                           
00007ea1  ti_sysbios_hal_Hwi_HwiProxy_startup__E                            
00007ea9  GPIOPinWrite                                                      
00007eaf  USBDHIDKeyboardRemoteWakeupRequest                                
00007eb5  USBDHIDRemoteWakeupRequest                                        
00007ebb  USBDMAChannelIntStatus                                            
00007ec1  USBDevLPMConfig                                                   
00007ec7  USBLPMIntStatus                                                   
00007ed3  ti_catalog_arm_cortexm4_tiva_ce_Boot_sysCtlDelayI__I              
00007ed9  ti_sysbios_family_arm_m3_Hwi_doTaskRestore__I                     
00007ee1  ti_sysbios_family_arm_m3_Hwi_restoreFxn__E                        
00007ee1  ti_sysbios_hal_Hwi_HwiProxy_restore__E                            
00007ee9  ti_sysbios_gates_GateHwi_leave__E                                 
00007ef1  ti_sysbios_heaps_HeapMem_isBlocking__E                            
00007ef9  ti_sysbios_knl_Queue_Instance_init__E                             
00007f01  ti_sysbios_knl_Swi_startup__E                                     
00007f07  xdc_runtime_System_Module_startup__E                              
00007f11  ti_sysbios_gates_GateHwi_query__E                                 
00007f11  xdc_runtime_Main_Module_GateProxy_query__E                        
00007f11  xdc_runtime_System_Module_GateProxy_query__E                      
00007f19  ti_sysbios_BIOS_RtsGateProxy_query__E                             
00007f19  ti_sysbios_gates_GateMutex_query__E                               
00007f19  ti_sysbios_heaps_HeapMem_Module_GateProxy_query__E                
00007f21  ti_sysbios_knl_Task_startup__E                                    
00007f29  ti_sysbios_gates_GateHwi_Instance_init__E                         
00007f31  ti_sysbios_knl_Clock_logTick__E                                   
00007f34  xdc_runtime_Text_charTab__A                                       
00009778  keyUsageCodes                                                     
00009836  xdc_runtime_Text_nodeTab__A                                       
000098f2  ti_catalog_arm_cortexm4_tiva_ce_Boot_Module__id__C                
00009a87  xdc_runtime_Error_policy__C                                       
00009a88  ti_sysbios_knl_Task_Object__PARAMS__C                             
00009ac4  configString                                                      
00009afa  ti_sysbios_family_arm_m3_Hwi_Module__id__C                        
00009b64  g_sHIDHandlers                                                    
00009b94  ti_sysbios_family_arm_m3_Hwi_Object__PARAMS__C                    
00009bc4  hidInterfaceString                                                
00009bf2  ti_sysbios_hal_Hwi_Module__id__C                                  
00009bf4  ti_sysbios_hal_Hwi_Object__PARAMS__C                              
00009c20  ti_sysbios_heaps_HeapMem_Module__FXNS__C                          
00009c48  manufacturerString                                                
00009c6c  ti_sysbios_gates_GateHwi_Module__FXNS__C                          
00009c90  ti_sysbios_gates_GateMutex_Module__FXNS__C                        
00009cb4  ti_sysbios_heaps_HeapMem_Object__PARAMS__C                        
00009cd8  ti_sysbios_knl_Semaphore_Object__PARAMS__C                        
00009cfc  productString                                                     
00009d1e  ti_sysbios_heaps_HeapMem_Module__id__C                            
00009d20  ti_sysbios_family_arm_m3_Hwi_Object__DESC__C                      
00009d40  ti_sysbios_gates_GateHwi_Object__DESC__C                          
00009d60  ti_sysbios_gates_GateMutex_Object__DESC__C                        
00009d80  ti_sysbios_hal_Hwi_Object__DESC__C                                
00009da0  ti_sysbios_heaps_HeapMem_Object__DESC__C                          
00009dc0  ti_sysbios_knl_Queue_Object__DESC__C                              
00009de0  ti_sysbios_knl_Semaphore_Object__DESC__C                          
00009e00  ti_sysbios_knl_Task_Object__DESC__C                               
00009e20  xdc_runtime_Startup_sfxnTab__A                                    
00009e40  stringDescriptors                                                 
00009e58  ti_sysbios_gates_GateHwi_Object__PARAMS__C                        
00009e70  ti_sysbios_gates_GateMutex_Object__PARAMS__C                      
00009e88  ti_sysbios_knl_Queue_Object__PARAMS__C                            
00009ea0  text3                                                             
00009eb4  GPIOTiva_config                                                   
00009ec8  xdc_runtime_Startup_firstFxns__A                                  
00009edc  serialNumberString                                                
00009eee  text                                                              
00009f00  xdc_runtime_Startup_sfxnRts__A                                    
00009f1e  text1                                                             
00009f2a  text2                                                             
00009f35  text4                                                             
00009f40  ti_sysbios_family_arm_m3_Hwi_excHookFuncs__A                      
00009f48  ti_sysbios_knl_Idle_funcList__C                                   
00009f50  xdc_runtime_Startup_firstFxns__C                                  
00009f58  xdc_runtime_Startup_lastFxns__C                                   
00009f60  langDescriptor                                                    
00009f64  ti_catalog_arm_cortexm4_tiva_ce_Boot_A_mustUseEnhancedClockMode__C
00009f68  ti_catalog_arm_cortexm4_tiva_ce_Boot_Module__diagsEnabled__C      
00009f6c  ti_catalog_arm_cortexm4_tiva_ce_Boot_Module__diagsIncluded__C     
00009f70  ti_catalog_arm_cortexm4_tiva_ce_Boot_Module__diagsMask__C         
00009f74  ti_sysbios_family_arm_lm4_Timer_enableFunc__C                     
00009f78  ti_sysbios_family_arm_lm4_Timer_numTimerDevices__C                
00009f7c  ti_sysbios_family_arm_lm4_Timer_startupNeeded__C                  
00009f80  ti_sysbios_family_arm_m3_Hwi_E_NMI__C                             
00009f84  ti_sysbios_family_arm_m3_Hwi_E_alreadyDefined__C                  
00009f88  ti_sysbios_family_arm_m3_Hwi_E_busFault__C                        
00009f8c  ti_sysbios_family_arm_m3_Hwi_E_debugMon__C                        
00009f90  ti_sysbios_family_arm_m3_Hwi_E_hardFault__C                       
00009f94  ti_sysbios_family_arm_m3_Hwi_E_memFault__C                        
00009f98  ti_sysbios_family_arm_m3_Hwi_E_noIsr__C                           
00009f9c  ti_sysbios_family_arm_m3_Hwi_E_reserved__C                        
00009fa0  ti_sysbios_family_arm_m3_Hwi_E_svCall__C                          
00009fa4  ti_sysbios_family_arm_m3_Hwi_E_usageFault__C                      
00009fa8  ti_sysbios_family_arm_m3_Hwi_NUM_INTERRUPTS__C                    
00009fac  ti_sysbios_family_arm_m3_Hwi_Object__count__C                     
00009fb0  ti_sysbios_family_arm_m3_Hwi_ccr__C                               
00009fb4  ti_sysbios_family_arm_m3_Hwi_excHandlerFunc__C                    
00009fb8  ti_sysbios_family_arm_m3_Hwi_excHookFuncs__C                      
00009fbc  ti_sysbios_family_arm_m3_Hwi_nullIsrFunc__C                       
00009fc0  ti_sysbios_family_arm_m3_Hwi_priGroup__C                          
00009fc4  ti_sysbios_family_arm_m3_TaskSupport_stackAlignment__C            
00009fc8  ti_sysbios_gates_GateMutex_Instance_State_sem__O                  
00009fcc  ti_sysbios_hal_Hwi_E_stackOverflow__C                             
00009fd0  ti_sysbios_heaps_HeapMem_E_memory__C                              
00009fd4  ti_sysbios_heaps_HeapMem_Module__gateObj__C                       
00009fd8  ti_sysbios_heaps_HeapMem_Object__count__C                         
00009fdc  ti_sysbios_heaps_HeapMem_reqAlign__C                              
00009fe0  ti_sysbios_knl_Clock_Module_State_clockQ__O                       
00009fe4  ti_sysbios_knl_Idle_funcList__A                                   
00009fe8  ti_sysbios_knl_Semaphore_Instance_State_pendQ__O                  
00009fec  ti_sysbios_knl_Swi_Object__count__C                               
00009ff0  ti_sysbios_knl_Task_E_spOutOfBounds__C                            
00009ff4  ti_sysbios_knl_Task_E_stackOverflow__C                            
00009ff8  ti_sysbios_knl_Task_Module_State_inactiveQ__O                     
00009ffc  ti_sysbios_knl_Task_Object__count__C                              
0000a000  ti_sysbios_knl_Task_allBlockedFunc__C                             
0000a004  ti_sysbios_knl_Task_defaultStackHeap__C                           
0000a008  ti_sysbios_knl_Task_defaultStackSize__C                           
0000a00c  ti_sysbios_knl_Task_numConstructedTasks__C                        
0000a010  xdc_runtime_Assert_E_assertFailed__C                              
0000a014  xdc_runtime_Core_A_initializedParams__C                           
0000a018  xdc_runtime_Core_Module__diagsEnabled__C                          
0000a01c  xdc_runtime_Core_Module__diagsIncluded__C                         
0000a020  xdc_runtime_Core_Module__diagsMask__C                             
0000a024  xdc_runtime_Error_E_memory__C                                     
0000a028  xdc_runtime_Error_Module__diagsEnabled__C                         
0000a02c  xdc_runtime_Error_Module__diagsIncluded__C                        
0000a030  xdc_runtime_Error_Module__diagsMask__C                            
0000a034  xdc_runtime_Error_Module__loggerFxn8__C                           
0000a038  xdc_runtime_Error_Module__loggerObj__C                            
0000a03c  xdc_runtime_Error_policyFxn__C                                    
0000a040  xdc_runtime_Error_raiseHook__C                                    
0000a044  xdc_runtime_IGateProvider_Interface__BASE__C                      
0000a048  xdc_runtime_IHeap_Interface__BASE__C                              
0000a04c  xdc_runtime_IModule_Interface__BASE__C                            
0000a050  xdc_runtime_Log_L_error__C                                        
0000a054  xdc_runtime_Memory_defaultHeapInstance__C                         
0000a058  xdc_runtime_Startup_execImpl__C                                   
0000a05c  xdc_runtime_Startup_maxPasses__C                                  
0000a060  xdc_runtime_Startup_sfxnRts__C                                    
0000a064  xdc_runtime_Startup_sfxnTab__C                                    
0000a068  xdc_runtime_SysMin_bufSize__C                                     
0000a06c  xdc_runtime_SysMin_outputFunc__C                                  
0000a070  xdc_runtime_System_Module__gateObj__C                             
0000a074  xdc_runtime_System_abortFxn__C                                    
0000a078  xdc_runtime_System_exitFxn__C                                     
0000a07c  xdc_runtime_System_extendFxn__C                                   
0000a080  xdc_runtime_System_maxAtexitHandlers__C                           
0000a084  xdc_runtime_Text_charTab__C                                       
0000a088  xdc_runtime_Text_nameEmpty__C                                     
0000a08c  xdc_runtime_Text_nameStatic__C                                    
0000a090  xdc_runtime_Text_nameUnknown__C                                   
0000a094  xdc_runtime_Text_nodeTab__C                                       
0000a098  xdc_runtime_Text_visitRopeFxn__C                                  
0000a09e  ti_sysbios_knl_Task_Module__id__C                                 
0000a0a0  xdc_runtime_Core_Module__id__C                                    
0000a0a2  xdc_runtime_Error_Module__loggerDefined__C                        
0000a0a4  xdc_runtime_Error_maxDepth__C                                     
0000a0a6  xdc_runtime_Memory_Module__id__C                                  
0000a0a8  xdc_runtime_SysMin_flushAtExit__C                                 
0000a0aa  xdc_runtime_Text_charCnt__C                                       
0000a0ac  xdc_runtime_Text_isLoaded__C                                      
0000a0ae  xdc_runtime_Text_registryModsLastId__C                            
0000a0b0  xdc_runtime_Text_unnamedModsLastId__C                             
0000a0b8  __TI_static_base__                                                
0000a2d0  __TI_Handler_Table_Base                                           
0000a2dc  __TI_Handler_Table_Limit                                          
0000a2f0  __TI_CINIT_Base                                                   
0000a308  __TI_CINIT_Limit                                                  
20000000  ti_sysbios_family_arm_m3_Hwi_ramVectors                           
20000360  ti_sysbios_heaps_HeapMem_Instance_State_0_buf__A                  
20000760  ti_sysbios_family_arm_m3_Hwi_dispatchTable                        
20000ac0  task0Stack                                                        
20000dc0  __CIOBUF_                                                         
20001080  xdc_runtime_SysMin_Module_State_0_outbuf__A                       
20001100  g_psDCDInst                                                       
20001150  task0Struct                                                       
200011e0  g_pfnTickHandlers                                                 
200011f8  g_pvTickInstance                                                  
20001230  g_ppsDevInfo                                                      
200012e0  ti_sysbios_knl_Swi_Module_State_0_readyQ__A                       
20001360  ti_sysbios_knl_Task_Module_State_0_readyQ__A                      
200013e0  ti_sysbios_knl_Task_Module__state__V                              
20001424  ti_sysbios_family_arm_lm4_Timer_Object__table__V                  
20001464  ti_sysbios_gates_GateMutex_Object__table__V                       
200014d4  ti_sysbios_family_arm_m3_Hwi_Module__state__V                     
20001508  ti_sysbios_family_arm_lm4_Timer_Module_State_0_device__A          
20001538  ti_sysbios_knl_Swi_Object__table__V                               
20001568  ti_sysbios_knl_Clock_Module__state__V                             
20001594  ti_sysbios_BIOS_Module__state__V                                  
200015b8  ti_sysbios_knl_Swi_Module__state__V                               
200015d4  ti_sysbios_family_arm_lm4_Timer_Module_State_0_handles__A         
200015ec  ti_sysbios_family_arm_m3_Hwi_Object__table__V                     
20001604  ti_sysbios_heaps_HeapMem_Object__table__V                         
2000161c  ranchar                                                           
20001620  randotime                                                         
20001624  counter                                                           
20001628  counter2                                                          
2000162c  counter3                                                          
20001630  enloop                                                            
20001634  gpioPinConfigs                                                    
20001648  g_pui8HIDDeviceDescriptor                                         
2000165a  ti_sysbios_family_arm_m3_Hwi_Module_State_0_excActive__A          
2000165c  __TI_cleanup_ptr                                                  
20001660  __TI_dtors_ptr                                                    
20001664  __TI_enable_exit_profile_output                                   
20001668  ti_sysbios_family_arm_lm4_Timer_Module__state__V                  
20001674  g_bUSBTimerInitialized                                            
20001678  g_ui32CurrentUSBTick                                              
2000167c  g_ui32USBSOFCount                                                 
20001680  xdc_runtime_SysMin_Module__state__V                               
2000168c  g_iUSBMode                                                        
20001690  g_ui32WaitTicks                                                   
20001696  xdc_runtime_Error_Module__state__V                                
20001698  _lock                                                             
2000169c  _unlock                                                           
200016a0  gpioCallbackFunctions                                             
200016a8  ti_sysbios_family_arm_m3_Hwi_Module__root__V                      
200016b0  ti_sysbios_gates_GateHwi_Module__root__V                          
200016b8  ti_sysbios_gates_GateMutex_Module__root__V                        
200016c0  ti_sysbios_hal_Hwi_Module__root__V                                
200016c8  ti_sysbios_heaps_HeapMem_Module__root__V                          
200016d0  ti_sysbios_knl_Queue_Module__root__V                              
200016d8  ti_sysbios_knl_Semaphore_Module__root__V                          
200016e0  ti_sysbios_knl_Task_Module__root__V                               
200016f0  xdc_runtime_Registry_Module__state__V                             
200016f8  xdc_runtime_Startup_Module__state__V                              
20001700  xdc_runtime_System_Module_State_0_atexitHandlers__A               
20001708  xdc_runtime_System_Module__state__V                               
2000171c  main_func_sp                                                      
20001720  ti_sysbios_family_arm_m3_Hwi_Module_State_0_excContext__A         
20001724  ti_sysbios_family_arm_m3_Hwi_Module_State_0_excStack__A           
20001728  ti_sysbios_gates_GateHwi_Object__table__V                         
2000172c  ti_sysbios_knl_Task_Module_State_0_idleTask__A                    
20001730  xdc_runtime_Memory_Module__state__V                               
20001734  __stack                                                           
20001a34  __STACK_END                                                       
e000e000  ti_sysbios_family_arm_m3_Hwi_nvic                                 
ffffffff  __TI_pprof_out_hndl                                               
ffffffff  __TI_prof_data_size                                               
ffffffff  __TI_prof_data_start                                              
ffffffff  __binit__                                                         
ffffffff  __c_args__                                                        
ffffffff  binit                                                             
UNDEFED   SHT$$INIT_ARRAY$$Base                                             
UNDEFED   SHT$$INIT_ARRAY$$Limit                                            

[666 symbols]
